 CT_POI_cgxe

 Timestamp is 65493ff1 (Mon Nov  6 22:35:13 2023)

 Preferred load address is 0000000180000000

 Start         Length     Name                   Class
 0001:00000000 0000fbc0H .text$mn                CODE
 0001:0000fbc0 00000036H .text$mn$00             CODE
 0001:0000fbf6 00000092H .text$x                 CODE
 0002:00000000 00000348H .idata$5                DATA
 0002:00000348 00000038H .00cfg                  DATA
 0002:00000380 00000008H .CRT$XCA                DATA
 0002:00000388 00000008H .CRT$XCZ                DATA
 0002:00000390 00000008H .CRT$XIA                DATA
 0002:00000398 00000008H .CRT$XIZ                DATA
 0002:000003a0 00000008H .CRT$XPA                DATA
 0002:000003a8 00000008H .CRT$XPZ                DATA
 0002:000003b0 00000008H .CRT$XTA                DATA
 0002:000003b8 00000008H .CRT$XTZ                DATA
 0002:000003c0 00000000H .gehcont$y              DATA
 0002:000003c0 00000000H .gfids$y                DATA
 0002:000003c0 000004c0H .rdata                  DATA
 0002:00000880 00000080H .rdata$CastGuardVftablesA DATA
 0002:00000900 00000080H .rdata$CastGuardVftablesC DATA
 0002:00000980 0000015cH .rdata$voltmd           DATA
 0002:00000adc 0000027cH .rdata$zzzdbg           DATA
 0002:00000d58 00000008H .rtc$IAA                DATA
 0002:00000d60 00000008H .rtc$IZZ                DATA
 0002:00000d68 00000008H .rtc$TAA                DATA
 0002:00000d70 00000008H .rtc$TZZ                DATA
 0002:00000d78 00000868H .xdata                  DATA
 0002:000015e0 00000078H .edata                  DATA
 0002:00001658 000000f0H .idata$2                DATA
 0002:00001748 00000018H .idata$3                DATA
 0002:00001760 00000348H .idata$4                DATA
 0002:00001aa8 0000089aH .idata$6                DATA
 0003:00000000 00006400H .data                   DATA
 0003:00006400 00000620H .bss                    DATA
 0004:00000000 000009d8H .pdata                  DATA

  Address         Publics by Value              Rva+Base               Lib:Object

 0000:00000000       __AbsoluteZero             0000000000000000     <absolute>
 0000:00000000       ___safe_se_handler_count   0000000000000000     <absolute>
 0000:00000000       ___safe_se_handler_table   0000000000000000     <absolute>
 0000:00000000       __arm64x_extra_rfe_table   0000000000000000     <absolute>
 0000:00000000       __arm64x_extra_rfe_table_size 0000000000000000     <absolute>
 0000:00000000       __arm64x_native_entrypoint 0000000000000000     <absolute>
 0000:00000000       __arm64x_redirection_metadata 0000000000000000     <absolute>
 0000:00000000       __arm64x_redirection_metadata_count 0000000000000000     <absolute>
 0000:00000000       __dynamic_value_reloc_table 0000000000000000     <absolute>
 0000:00000000       __enclave_config           0000000000000000     <absolute>
 0000:00000000       __guard_check_icall_a64n_fptr 0000000000000000     <absolute>
 0000:00000000       __guard_eh_cont_count      0000000000000000     <absolute>
 0000:00000000       __guard_eh_cont_table      0000000000000000     <absolute>
 0000:00000000       __guard_fids_count         0000000000000000     <absolute>
 0000:00000000       __guard_fids_table         0000000000000000     <absolute>
 0000:00000000       __guard_iat_count          0000000000000000     <absolute>
 0000:00000000       __guard_iat_table          0000000000000000     <absolute>
 0000:00000000       __guard_longjmp_count      0000000000000000     <absolute>
 0000:00000000       __guard_longjmp_table      0000000000000000     <absolute>
 0000:00000000       __hybrid_auxiliary_iat     0000000000000000     <absolute>
 0000:00000000       __hybrid_auxiliary_iat_copy 0000000000000000     <absolute>
 0000:00000000       __hybrid_code_map          0000000000000000     <absolute>
 0000:00000000       __hybrid_code_map_count    0000000000000000     <absolute>
 0000:00000000       __x64_code_ranges_to_entry_points 0000000000000000     <absolute>
 0000:00000000       __x64_code_ranges_to_entry_points_count 0000000000000000     <absolute>
 0000:00000100       __guard_flags              0000000000000100     <absolute>
 0000:00000000       __ImageBase                0000000180000000     <linker-defined>
 0001:00000000       mexfilerequiredapiversion  0000000180001000 f   c_mexapi_version.obj
 0001:00000030       cgxe_CT_POI_method_dispatcher 0000000180001030 f   CT_POI_cgxe.obj
 0001:00000110       method_dispatcher_IMv9yOrM7PumNuduIww3wH 0000000180001110 f   m_IMv9yOrM7PumNuduIww3wH.obj
 0001:000055d0       cgxe_IMv9yOrM7PumNuduIww3wH_BuildInfoUpdate 00000001800065d0 f   m_IMv9yOrM7PumNuduIww3wH.obj
 0001:00005870       cgxe_IMv9yOrM7PumNuduIww3wH_fallback_info 0000000180006870 f   m_IMv9yOrM7PumNuduIww3wH.obj
 0001:00005910       mexFunction                0000000180006910 f   CT_POI_cgxe_registry.obj
 0001:00007780       _ssSetInputPortDirectFeedThroughFcn 0000000180008780 f   CT_POI_cgxe_registry.obj
 0001:000078f0       _ssSetRWorkValueFcn        00000001800088f0 f   CT_POI_cgxe_registry.obj
 0001:00007970       _ssGetRWorkValueFcn        0000000180008970 f   CT_POI_cgxe_registry.obj
 0001:000079e0       _ssSetIWorkValueFcn        00000001800089e0 f   CT_POI_cgxe_registry.obj
 0001:00007a60       _ssGetIWorkValueFcn        0000000180008a60 f   CT_POI_cgxe_registry.obj
 0001:00007ad0       _ssSetPWorkValueFcn        0000000180008ad0 f   CT_POI_cgxe_registry.obj
 0001:00007b50       _ssGetPWorkValueFcn        0000000180008b50 f   CT_POI_cgxe_registry.obj
 0001:00007bc0       _ssGetInputPortSignalFcn   0000000180008bc0 f   CT_POI_cgxe_registry.obj
 0001:00007f50       _ssGetInputPortBufferDstPortFcn 0000000180008f50 f   CT_POI_cgxe_registry.obj
 0001:00007fd0       _ssGetInputPortSignalPtrsFcn 0000000180008fd0 f   CT_POI_cgxe_registry.obj
 0001:00008360       ssGetParameterTuningCompliance 0000000180009360 f   CT_POI_cgxe_registry.obj
 0001:000083d0       _ssReadInputStringFcn      00000001800093d0 f   CT_POI_cgxe_registry.obj
 0001:00008440       ssGetDTypeIdFromMxArray    0000000180009440 f   CT_POI_cgxe_registry.obj
 0001:00008560       ssWriteRTWMx2dMatParam     0000000180009560 f   CT_POI_cgxe_registry.obj
 0001:000085f0       ssWriteRTWMxVectParam      00000001800095f0 f   CT_POI_cgxe_registry.obj
 0001:00008670       ssWriteRTWParameters       0000000180009670 f   CT_POI_cgxe_registry.obj
 0001:00008c30       ssWriteRTWParamSettings    0000000180009c30 f   CT_POI_cgxe_registry.obj
 0001:00009320       ssWriteRTWStr              000000018000a320 f   CT_POI_cgxe_registry.obj
 0001:00009380       ssWriteRTWWorkVect         000000018000a380 f   CT_POI_cgxe_registry.obj
 0001:000098e0       ssWarning                  000000018000a8e0 f   CT_POI_cgxe_registry.obj
 0001:000099d0       ssGetRootSS                000000018000a9d0 f   CT_POI_cgxe_registry.obj
 0001:00009a90       ssGetParentSS              000000018000aa90 f   CT_POI_cgxe_registry.obj
 0001:00009b50       ssWriteRTWNameValuePair    000000018000ab50 f   CT_POI_cgxe_registry.obj
 0001:0000a050       _ssSetInputPortMatrixDimensions 000000018000b050 f   CT_POI_cgxe_registry.obj
 0001:0000a1a0       _ssSetOutputPortMatrixDimensions 000000018000b1a0 f   CT_POI_cgxe_registry.obj
 0001:0000a2f0       _ssSetInputPortVectorDimension 000000018000b2f0 f   CT_POI_cgxe_registry.obj
 0001:0000a3a0       _ssSetOutputPortVectorDimension 000000018000b3a0 f   CT_POI_cgxe_registry.obj
 0001:0000a450       ssIsRunTimeParamTunable    000000018000b450 f   CT_POI_cgxe_registry.obj
 0001:0000a4c0       ssGetSFuncBlockHandle      000000018000b4c0 f   CT_POI_cgxe_registry.obj
 0001:0000a530       _ssGetCallSystemNumFcnCallDestinations 000000018000b530 f   CT_POI_cgxe_registry.obj
 0001:0000a5a0       _ssGetCurrentInputPortWidth 000000018000b5a0 f   CT_POI_cgxe_registry.obj
 0001:0000a6e0       _ssGetCurrentOutputPortWidth 000000018000b6e0 f   CT_POI_cgxe_registry.obj
 0001:0000a820       ssGetIsZeroCrossControlDisabled 000000018000b820 f   CT_POI_cgxe_registry.obj
 0001:0000a890       ssSetIsInputPortUsedForContZcSignal 000000018000b890 f   CT_POI_cgxe_registry.obj
 0001:0000a900       ssSetZcSignalIsZcElementDisc 000000018000b900 f   CT_POI_cgxe_registry.obj
 0001:0000a9b0       ssSetZcSignalName          000000018000b9b0 f   CT_POI_cgxe_registry.obj
 0001:0000aa20       ssSetZcSignalWidth         000000018000ba20 f   CT_POI_cgxe_registry.obj
 0001:0000aa90       ssSetZcSignalZcEventType   000000018000ba90 f   CT_POI_cgxe_registry.obj
 0001:0000ab00       ssSetZcSignalType          000000018000bb00 f   CT_POI_cgxe_registry.obj
 0001:0000ab70       ssSetZcSignalZcTol         000000018000bb70 f   CT_POI_cgxe_registry.obj
 0001:0000abe0       ssSetZcSignalNeedsEventNotification 000000018000bbe0 f   CT_POI_cgxe_registry.obj
 0001:0000ac50       ssCreateAndAddZcSignalInfo 000000018000bc50 f   CT_POI_cgxe_registry.obj
 0001:0000acc0       ssCloneAndAddZcSignalInfo  000000018000bcc0 f   CT_POI_cgxe_registry.obj
 0001:0000ad30       ssGetNumZcSignals          000000018000bd30 f   CT_POI_cgxe_registry.obj
 0001:0000ada0       ssGetZcSignalVector        000000018000bda0 f   CT_POI_cgxe_registry.obj
 0001:0000ae10       ssGetZcSignalName          000000018000be10 f   CT_POI_cgxe_registry.obj
 0001:0000ae80       ssGetZcSignalWidth         000000018000be80 f   CT_POI_cgxe_registry.obj
 0001:0000aef0       ssGetZcSignalZcEventType   000000018000bef0 f   CT_POI_cgxe_registry.obj
 0001:0000af60       ssGetZcSignalZcEvents      000000018000bf60 f   CT_POI_cgxe_registry.obj
 0001:0000afd0       ssGetZcSignalType          000000018000bfd0 f   CT_POI_cgxe_registry.obj
 0001:0000b040       ssGetZcSignalZcTol         000000018000c040 f   CT_POI_cgxe_registry.obj
 0001:0000b0c0       ssGetZcSignalNeedsEventNotification 000000018000c0c0 f   CT_POI_cgxe_registry.obj
 0001:0000b130       ssGetZcSignalIsZcElementDisc 000000018000c130 f   CT_POI_cgxe_registry.obj
 0001:0000b1d0       ssGetIsInputPortElementContinuous 000000018000c1d0 f   CT_POI_cgxe_registry.obj
 0001:0000b270       _ssGetAbsTol               000000018000c270 f   CT_POI_cgxe_registry.obj
 0001:0000b2e0       _ssSetStateAbsTol          000000018000c2e0 f   CT_POI_cgxe_registry.obj
 0001:0000b3c0       _ssSetInputPortReusableFcn 000000018000c3c0 f   CT_POI_cgxe_registry.obj
 0001:0000b4c0       _ssSetOutputPortReusableFcn 000000018000c4c0 f   CT_POI_cgxe_registry.obj
 0001:0000b5c0       _ssSetSymbolicDimsSupport  000000018000c5c0 f   CT_POI_cgxe_registry.obj
 0001:0000b630       _ssRegisterSymbolicDimsExpr 000000018000c630 f   CT_POI_cgxe_registry.obj
 0001:0000b6b0       _ssRegisterSymbolicDimsMATLABExpr 000000018000c6b0 f   CT_POI_cgxe_registry.obj
 0001:0000b740       _ssRegisterSymbolicDims    000000018000c740 f   CT_POI_cgxe_registry.obj
 0001:0000b7e0       _ssRegisterSymbolicDimsString 000000018000c7e0 f   CT_POI_cgxe_registry.obj
 0001:0000b860       _ssRegisterSymbolicDimsIntValue 000000018000c860 f   CT_POI_cgxe_registry.obj
 0001:0000b8d0       _ssRegisterSymbolicEqualRelation 000000018000c8d0 f   CT_POI_cgxe_registry.obj
 0001:0000b940       _ssRegisterSymbolicEqualValue 000000018000c940 f   CT_POI_cgxe_registry.obj
 0001:0000b9b0       _ssAmendLeadingSymbolicDims 000000018000c9b0 f   CT_POI_cgxe_registry.obj
 0001:0000ba30       _ssAmendTrailingSymbolicDims 000000018000ca30 f   CT_POI_cgxe_registry.obj
 0001:0000bab0       _ssRegisterSymbolicDimsPlus 000000018000cab0 f   CT_POI_cgxe_registry.obj
 0001:0000bb30       _ssRegisterSymbolicDimsMinus 000000018000cb30 f   CT_POI_cgxe_registry.obj
 0001:0000bbb0       _ssRegisterSymbolicDimsMultiply 000000018000cbb0 f   CT_POI_cgxe_registry.obj
 0001:0000bc30       _ssRegisterSymbolicDimsDivide 000000018000cc30 f   CT_POI_cgxe_registry.obj
 0001:0000bcb0       _ssGetNumSymbolicDims      000000018000ccb0 f   CT_POI_cgxe_registry.obj
 0001:0000bd20       _ssGetSymbolicDim          000000018000cd20 f   CT_POI_cgxe_registry.obj
 0001:0000bda0       _ssSetInputPortSymbolicDimsId 000000018000cda0 f   CT_POI_cgxe_registry.obj
 0001:0000be10       _ssGetCompInputPortSymbolicDimsId 000000018000ce10 f   CT_POI_cgxe_registry.obj
 0001:0000be80       _ssSetCompInputPortSymbolicDimsId 000000018000ce80 f   CT_POI_cgxe_registry.obj
 0001:0000bef0       _ssSetOutputPortSymbolicDimsId 000000018000cef0 f   CT_POI_cgxe_registry.obj
 0001:0000bf60       _ssGetCompOutputPortSymbolicDimsId 000000018000cf60 f   CT_POI_cgxe_registry.obj
 0001:0000bfd0       _ssSetCompOutputPortSymbolicDimsId 000000018000cfd0 f   CT_POI_cgxe_registry.obj
 0001:0000c040       _ssGetDWorkSymbolicDimsId  000000018000d040 f   CT_POI_cgxe_registry.obj
 0001:0000c0b0       _ssSetDWorkSymbolicDimsId  000000018000d0b0 f   CT_POI_cgxe_registry.obj
 0001:0000c120       _ssGetCompDWorkSymbolicDimsId 000000018000d120 f   CT_POI_cgxe_registry.obj
 0001:0000c190       _ssSetCompDWorkSymbolicDimsId 000000018000d190 f   CT_POI_cgxe_registry.obj
 0001:0000c200       _ssCreateSLCGStringBuffer  000000018000d200 f   CT_POI_cgxe_registry.obj
 0001:0000c270       _ssAddToSLCGStringBuffer   000000018000d270 f   CT_POI_cgxe_registry.obj
 0001:0000c2e0       _ssGetPointerContainedData 000000018000d2e0 f   CT_POI_cgxe_registry.obj
 0001:0000c370       _ssGetPointerContainedDataWidth 000000018000d370 f   CT_POI_cgxe_registry.obj
 0001:0000c400       _ssRegisterDynamicArrayDataTypeFcn 000000018000d400 f   CT_POI_cgxe_registry.obj
 0001:0000c4a0       _ssGetDynamicArrayContainedDataCurrentWidthFcn 000000018000d4a0 f   CT_POI_cgxe_registry.obj
 0001:0000c570       _ssGetDynamicArrayContainedDataFcn 000000018000d570 f   CT_POI_cgxe_registry.obj
 0001:0000c640       _ssGetInputPortDynamicArrayDataFcn 000000018000d640 f   CT_POI_cgxe_registry.obj
 0001:0000c700       _ssGetOutputPortDynamicArrayDataFcn 000000018000d700 f   CT_POI_cgxe_registry.obj
 0001:0000c7c0       _ssGetInputPortDynamicArrayContainedDataFcn 000000018000d7c0 f   CT_POI_cgxe_registry.obj
 0001:0000c880       _ssGetOutputPortDynamicArrayContainedDataFcn 000000018000d880 f   CT_POI_cgxe_registry.obj
 0001:0000c940       _ssGetDynamicArrayDWorkContainedDataFcn 000000018000d940 f   CT_POI_cgxe_registry.obj
 0001:0000e430       __local_stdio_printf_options 000000018000f430 f i CT_POI_cgxe_registry.obj
 0001:0000e440       _vsnprintf_l               000000018000f440 f i CT_POI_cgxe_registry.obj
 0001:0000e4c0       _vsprintf_l                000000018000f4c0 f i CT_POI_cgxe_registry.obj
 0001:0000e510       sprintf                    000000018000f510 f i CT_POI_cgxe_registry.obj
 0001:0000e55f       mxGetPr_800                000000018000f55f f   libmx:libmx.dll
 0001:0000e565       mxSetCell_800              000000018000f565 f   libmx:libmx.dll
 0001:0000e56b       mxSetFieldByNumber_800     000000018000f56b f   libmx:libmx.dll
 0001:0000e571       mxCreateDoubleMatrix_800   000000018000f571 f   libmx:libmx.dll
 0001:0000e577       mxCreateString_800         000000018000f577 f   libmx:libmx.dll
 0001:0000e57d       mxCreateCellMatrix_800     000000018000f57d f   libmx:libmx.dll
 0001:0000e583       mxCreateStructMatrix_800   000000018000f583 f   libmx:libmx.dll
 0001:0000e589       mxGetNaN_800               000000018000f589 f   libmx:libmx.dll
 0001:0000e58f       mxCalloc_800               000000018000f58f f   libmx:libmx.dll
 0001:0000e595       mxGetM_800                 000000018000f595 f   libmx:libmx.dll
 0001:0000e59b       mxGetClassID_800           000000018000f59b f   libmx:libmx.dll
 0001:0000e5a1       mxGetData_800              000000018000f5a1 f   libmx:libmx.dll
 0001:0000e5a7       mxIsNumeric_800            000000018000f5a7 f   libmx:libmx.dll
 0001:0000e5ad       mxIsChar_800               000000018000f5ad f   libmx:libmx.dll
 0001:0000e5b3       mxIsComplex_800            000000018000f5b3 f   libmx:libmx.dll
 0001:0000e5b9       mxGetN_800                 000000018000f5b9 f   libmx:libmx.dll
 0001:0000e5bf       mxSetField_800             000000018000f5bf f   libmx:libmx.dll
 0001:0000e5c5       mxCreateNumericMatrix_800  000000018000f5c5 f   libmx:libmx.dll
 0001:0000e5cb       mxCreateDoubleScalar_800   000000018000f5cb f   libmx:libmx.dll
 0001:0000e5d1       mxGetString_800            000000018000f5d1 f   libmx:libmx.dll
 0001:0000e5d7       mexWarnMsgTxt_800          000000018000f5d7 f   libmex:libmex.dll
 0001:0000e5dd       mexPrintf_800              000000018000f5dd f   libmex:libmex.dll
 0001:0000e5e3       mexCallMATLAB_800          000000018000f5e3 f   libmex:libmex.dll
 0001:0000e5e9       mexUnlock_800              000000018000f5e9 f   libmex:libmex.dll
 0001:0000e5ef       mexIsLocked_800            000000018000f5ef f   libmex:libmex.dll
 0001:0000e5f5       muDoubleScalarAbs          000000018000f5f5 f   libmwmathutil:libmwmathutil.dll
 0001:0000e5fb       muDoubleScalarCeil         000000018000f5fb f   libmwmathutil:libmwmathutil.dll
 0001:0000e601       muDoubleScalarFloor        000000018000f601 f   libmwmathutil:libmwmathutil.dll
 0001:0000e607       muDoubleScalarRound        000000018000f607 f   libmwmathutil:libmwmathutil.dll
 0001:0000e60d       muDoubleScalarExp          000000018000f60d f   libmwmathutil:libmwmathutil.dll
 0001:0000e613       muDoubleScalarLog          000000018000f613 f   libmwmathutil:libmwmathutil.dll
 0001:0000e619       muDoubleScalarPower        000000018000f619 f   libmwmathutil:libmwmathutil.dll
 0001:0000e61f       muDoubleScalarSqrt         000000018000f61f f   libmwmathutil:libmwmathutil.dll
 0001:0000e625       muDoubleScalarRem          000000018000f625 f   libmwmathutil:libmwmathutil.dll
 0001:0000e62b       muDoubleScalarIsNaN        000000018000f62b f   libmwmathutil:libmwmathutil.dll
 0001:0000e631       muDoubleScalarIsInf        000000018000f631 f   libmwmathutil:libmwmathutil.dll
 0001:0000e637       emlrtLicenseCheckR2022a    000000018000f637 f   libemlrt:libemlrt.dll
 0001:0000e63d       emlrtAssign                000000018000f63d f   libemlrt:libemlrt.dll
 0001:0000e643       emlrtCreateCharArray       000000018000f643 f   libemlrt:libemlrt.dll
 0001:0000e649       emlrtCallMATLABR2012b      000000018000f649 f   libemlrt:libemlrt.dll
 0001:0000e64f       emlrtInitCharArrayR2013a   000000018000f64f f   libemlrt:libemlrt.dll
 0001:0000e655       cgxertGetInputPortSignal   000000018000f655 f   libmwcgxert:libmwcgxert.dll
 0001:0000e65b       cgxertGetOutputPortSignal  000000018000f65b f   libmwcgxert:libmwcgxert.dll
 0001:0000e661       cgxertGetRunTimeParamInfoData 000000018000f661 f   libmwcgxert:libmwcgxert.dll
 0001:0000e667       cgxertSetSimStateCompliance 000000018000f667 f   libmwcgxert:libmwcgxert.dll
 0001:0000e66d       cgxertGetRuntimeInstance   000000018000f66d f   libmwcgxert:libmwcgxert.dll
 0001:0000e673       cgxertSetRuntimeInstance   000000018000f673 f   libmwcgxert:libmwcgxert.dll
 0001:0000e679       cgxertGetEMLRTCtx          000000018000f679 f   libmwcgxert:libmwcgxert.dll
 0001:0000e67f       cgxertSetGcb               000000018000f67f f   libmwcgxert:libmwcgxert.dll
 0001:0000e685       cgxertRestoreGcb           000000018000f685 f   libmwcgxert:libmwcgxert.dll
 0001:0000e68c       __raise_securityfailure    000000018000f68c f   MSVCRT:gs_report.obj
 0001:0000e6c0       __report_gsfailure         000000018000f6c0 f   MSVCRT:gs_report.obj
 0001:0000e794       __report_rangecheckfailure 000000018000f794 f   MSVCRT:gs_report.obj
 0001:0000e7a8       __report_securityfailure   000000018000f7a8 f   MSVCRT:gs_report.obj
 0001:0000e844       __report_securityfailureEx 000000018000f844 f   MSVCRT:gs_report.obj
 0001:0000ea38       __GSHandlerCheck           000000018000fa38 f   MSVCRT:gshandler.obj
 0001:0000ea58       __GSHandlerCheckCommon     000000018000fa58 f   MSVCRT:gshandler.obj
 0001:0000ead0       __security_check_cookie    000000018000fad0 f   MSVCRT:amdsecgs.obj
 0001:0000ee2c       _CRT_INIT                  000000018000fe2c f   MSVCRT:dll_dllmain.obj
 0001:0000ee34       _DllMainCRTStartup         000000018000fe34 f   MSVCRT:dll_dllmain.obj
 0001:0000eee0       __security_init_cookie     000000018000fee0 f   MSVCRT:gs_support.obj
 0001:0000ef8c       DllMain                    000000018000ff8c f   MSVCRT:dll_dllmain_stub.obj
 0001:0000efb0       ?__scrt_initialize_type_info@@YAXXZ 000000018000ffb0 f   MSVCRT:tncleanup.obj
 0001:0000efc0       ?__scrt_uninitialize_type_info@@YAXXZ 000000018000ffc0 f   MSVCRT:tncleanup.obj
 0001:0000efcc       __local_stdio_scanf_options 000000018000ffcc f i MSVCRT:default_local_stdio_options.obj
 0001:0000efd4       __scrt_initialize_default_local_stdio_options 000000018000ffd4 f   MSVCRT:default_local_stdio_options.obj
 0001:0000eff0       ?configure_argv@__scrt_narrow_argv_policy@@SAHXZ 000000018000fff0 f i MSVCRT:utility.obj
 0001:0000f050       ?initialize_environment@__scrt_narrow_environment_policy@@SAHXZ 0000000180010050 f i MSVCRT:utility.obj
 0001:0000f088       NtCurrentTeb               0000000180010088 f i MSVCRT:utility.obj
 0001:0000f094       __scrt_acquire_startup_lock 0000000180010094 f   MSVCRT:utility.obj
 0001:0000f0d0       __scrt_dllmain_after_initialize_c 00000001800100d0 f   MSVCRT:utility.obj
 0001:0000f104       __scrt_dllmain_before_initialize_c 0000000180010104 f   MSVCRT:utility.obj
 0001:0000f11c       __scrt_dllmain_crt_thread_attach 000000018001011c f   MSVCRT:utility.obj
 0001:0000f144       __scrt_dllmain_crt_thread_detach 0000000180010144 f   MSVCRT:utility.obj
 0001:0000f15c       __scrt_dllmain_exception_filter 000000018001015c f   MSVCRT:utility.obj
 0001:0000f1bc       __scrt_dllmain_uninitialize_c 00000001800101bc f   MSVCRT:utility.obj
 0001:0000f1ec       __scrt_dllmain_uninitialize_critical 00000001800101ec f   MSVCRT:utility.obj
 0001:0000f200       __scrt_initialize_crt      0000000180010200 f   MSVCRT:utility.obj
 0001:0000f24c       __scrt_initialize_onexit_tables 000000018001024c f   MSVCRT:utility.obj
 0001:0000f2d8       __scrt_is_nonwritable_in_current_image 00000001800102d8 f   MSVCRT:utility.obj
 0001:0000f370       __scrt_release_startup_lock 0000000180010370 f   MSVCRT:utility.obj
 0001:0000f394       __scrt_uninitialize_crt    0000000180010394 f   MSVCRT:utility.obj
 0001:0000f3c0       _onexit                    00000001800103c0 f   MSVCRT:utility.obj
 0001:0000f3fc       at_quick_exit              00000001800103fc f   MSVCRT:utility.obj
 0001:0000f41c       atexit                     000000018001041c f   MSVCRT:utility.obj
 0001:0000f434       __scrt_get_dyn_tls_init_callback 0000000180010434 f   MSVCRT:dyn_tls_init.obj
 0001:0000f43c       __crt_debugger_hook        000000018001043c f   MSVCRT:utility_desktop.obj
 0001:0000f444       __scrt_fastfail            0000000180010444 f   MSVCRT:utility_desktop.obj
 0001:0000f590       __scrt_get_show_window_mode 0000000180010590 f   MSVCRT:utility_desktop.obj
 0001:0000f5cc       __scrt_initialize_mta      00000001800105cc f   MSVCRT:utility_desktop.obj
 0001:0000f5d4       __scrt_initialize_winrt    00000001800105d4 f   MSVCRT:utility_desktop.obj
 0001:0000f5d8       __scrt_is_managed_app      00000001800105d8 f   MSVCRT:utility_desktop.obj
 0001:0000f62c       __scrt_set_unhandled_exception_filter 000000018001062c f   MSVCRT:utility_desktop.obj
 0001:0000f63c       __scrt_exe_initialize_mta  000000018001063c f   MSVCRT:utility_desktop.obj
 0001:0000f63c       __scrt_stub_for_initialize_mta 000000018001063c f   MSVCRT:utility_desktop.obj
 0001:0000f640       __scrt_unhandled_exception_filter 0000000180010640 f   MSVCRT:utility_desktop.obj
 0001:0000f69c       _RTC_Initialize            000000018001069c f   MSVCRT:initsect.obj
 0001:0000f6d8       _RTC_Terminate             00000001800106d8 f   MSVCRT:initsect.obj
 0001:0000f714       _guard_check_icall_nop     0000000180010714 f i MSVCRT:guard_support.obj
 0001:0000f718       ReadNoFence64              0000000180010718 f i MSVCRT:guard_support.obj
 0001:0000f71c       ReadPointerNoFence         000000018001071c f i MSVCRT:guard_support.obj
 0001:0000f720       __castguard_check_failure_debugbreak 0000000180010720 f i MSVCRT:guard_support.obj
 0001:0000f73c       __castguard_check_failure_fastfail 000000018001073c f i MSVCRT:guard_support.obj
 0001:0000f760       __castguard_check_failure_nop 0000000180010760 f i MSVCRT:guard_support.obj
 0001:0000f764       __castguard_check_failure_os_handled 0000000180010764 f i MSVCRT:guard_support.obj
 0001:0000f7e0       __castguard_slow_path_check_debugbreak 00000001800107e0 f i MSVCRT:guard_support.obj
 0001:0000f814       __castguard_slow_path_check_fastfail 0000000180010814 f i MSVCRT:guard_support.obj
 0001:0000f850       __castguard_slow_path_check_nop 0000000180010850 f i MSVCRT:guard_support.obj
 0001:0000f854       __castguard_slow_path_check_os_handled 0000000180010854 f i MSVCRT:guard_support.obj
 0001:0000f8c4       _guard_icall_checks_enforced 00000001800108c4 f i MSVCRT:guard_support.obj
 0001:0000f8dc       _guard_rf_checks_enforced  00000001800108dc f i MSVCRT:guard_support.obj
 0001:0000f8e0       __isa_available_init       00000001800108e0 f   MSVCRT:cpu_disp.obj
 0001:0000fa8c       _get_startup_argv_mode     0000000180010a8c f   MSVCRT:argv_mode.obj
 0001:0000fa94       __scrt_is_ucrt_dll_in_use  0000000180010a94 f   MSVCRT:ucrt_detection.obj
 0001:0000faa0       RtlCaptureContext          0000000180010aa0 f   kernel32:KERNEL32.dll
 0001:0000faa6       RtlLookupFunctionEntry     0000000180010aa6 f   kernel32:KERNEL32.dll
 0001:0000faac       RtlVirtualUnwind           0000000180010aac f   kernel32:KERNEL32.dll
 0001:0000fab2       UnhandledExceptionFilter   0000000180010ab2 f   kernel32:KERNEL32.dll
 0001:0000fab8       SetUnhandledExceptionFilter 0000000180010ab8 f   kernel32:KERNEL32.dll
 0001:0000fabe       GetCurrentProcess          0000000180010abe f   kernel32:KERNEL32.dll
 0001:0000fac4       TerminateProcess           0000000180010ac4 f   kernel32:KERNEL32.dll
 0001:0000faca       IsProcessorFeaturePresent  0000000180010aca f   kernel32:KERNEL32.dll
 0001:0000fad0       QueryPerformanceCounter    0000000180010ad0 f   kernel32:KERNEL32.dll
 0001:0000fad6       GetCurrentProcessId        0000000180010ad6 f   kernel32:KERNEL32.dll
 0001:0000fadc       GetCurrentThreadId         0000000180010adc f   kernel32:KERNEL32.dll
 0001:0000fae2       GetSystemTimeAsFileTime    0000000180010ae2 f   kernel32:KERNEL32.dll
 0001:0000fae8       DisableThreadLibraryCalls  0000000180010ae8 f   kernel32:KERNEL32.dll
 0001:0000faee       InitializeSListHead        0000000180010aee f   kernel32:KERNEL32.dll
 0001:0000faf4       IsDebuggerPresent          0000000180010af4 f   kernel32:KERNEL32.dll
 0001:0000fafa       GetStartupInfoW            0000000180010afa f   kernel32:KERNEL32.dll
 0001:0000fb00       GetModuleHandleW           0000000180010b00 f   kernel32:KERNEL32.dll
 0001:0000fb06       memcpy                     0000000180010b06 f   vcruntime:VCRUNTIME140.dll
 0001:0000fb0c       __C_specific_handler       0000000180010b0c f   vcruntime:VCRUNTIME140.dll
 0001:0000fb12       __std_type_info_destroy_list 0000000180010b12 f   vcruntime:VCRUNTIME140.dll
 0001:0000fb18       __current_exception        0000000180010b18 f   vcruntime:VCRUNTIME140.dll
 0001:0000fb1e       __current_exception_context 0000000180010b1e f   vcruntime:VCRUNTIME140.dll
 0001:0000fb24       memset                     0000000180010b24 f   vcruntime:VCRUNTIME140.dll
 0001:0000fb2a       calloc                     0000000180010b2a f   ucrt:api-ms-win-crt-heap-l1-1-0.dll
 0001:0000fb30       free                       0000000180010b30 f   ucrt:api-ms-win-crt-heap-l1-1-0.dll
 0001:0000fb36       _localtime64               0000000180010b36 f   ucrt:api-ms-win-crt-time-l1-1-0.dll
 0001:0000fb3c       _time64                    0000000180010b3c f   ucrt:api-ms-win-crt-time-l1-1-0.dll
 0001:0000fb42       strcmp                     0000000180010b42 f   ucrt:api-ms-win-crt-string-l1-1-0.dll
 0001:0000fb48       strlen                     0000000180010b48 f   ucrt:api-ms-win-crt-string-l1-1-0.dll
 0001:0000fb4e       __stdio_common_vsprintf    0000000180010b4e f   ucrt:api-ms-win-crt-stdio-l1-1-0.dll
 0001:0000fb54       malloc                     0000000180010b54 f   ucrt:api-ms-win-crt-heap-l1-1-0.dll
 0001:0000fb5a       _initterm                  0000000180010b5a f   ucrt:api-ms-win-crt-runtime-l1-1-0.dll
 0001:0000fb60       _initterm_e                0000000180010b60 f   ucrt:api-ms-win-crt-runtime-l1-1-0.dll
 0001:0000fb66       _seh_filter_dll            0000000180010b66 f   ucrt:api-ms-win-crt-runtime-l1-1-0.dll
 0001:0000fb6c       _configure_narrow_argv     0000000180010b6c f   ucrt:api-ms-win-crt-runtime-l1-1-0.dll
 0001:0000fb72       _initialize_narrow_environment 0000000180010b72 f   ucrt:api-ms-win-crt-runtime-l1-1-0.dll
 0001:0000fb78       _initialize_onexit_table   0000000180010b78 f   ucrt:api-ms-win-crt-runtime-l1-1-0.dll
 0001:0000fb7e       _register_onexit_function  0000000180010b7e f   ucrt:api-ms-win-crt-runtime-l1-1-0.dll
 0001:0000fb84       _execute_onexit_table      0000000180010b84 f   ucrt:api-ms-win-crt-runtime-l1-1-0.dll
 0001:0000fb8a       _crt_atexit                0000000180010b8a f   ucrt:api-ms-win-crt-runtime-l1-1-0.dll
 0001:0000fb90       _crt_at_quick_exit         0000000180010b90 f   ucrt:api-ms-win-crt-runtime-l1-1-0.dll
 0001:0000fb96       _cexit                     0000000180010b96 f   ucrt:api-ms-win-crt-runtime-l1-1-0.dll
 0001:0000fb9c       terminate                  0000000180010b9c f   ucrt:api-ms-win-crt-runtime-l1-1-0.dll
 0001:0000fba4       __acrt_initialize          0000000180010ba4 f   MSVCRT:ucrt_stubs.obj
 0001:0000fba4       __scrt_stub_for_acrt_initialize 0000000180010ba4 f   MSVCRT:ucrt_stubs.obj
 0001:0000fba4       __vcrt_initialize          0000000180010ba4 f   MSVCRT:ucrt_stubs.obj
 0001:0000fba8       __acrt_thread_attach       0000000180010ba8 f   MSVCRT:ucrt_stubs.obj
 0001:0000fba8       __scrt_stub_for_acrt_thread_attach 0000000180010ba8 f   MSVCRT:ucrt_stubs.obj
 0001:0000fba8       __vcrt_thread_attach       0000000180010ba8 f   MSVCRT:ucrt_stubs.obj
 0001:0000fbac       __acrt_thread_detach       0000000180010bac f   MSVCRT:ucrt_stubs.obj
 0001:0000fbac       __scrt_stub_for_acrt_thread_detach 0000000180010bac f   MSVCRT:ucrt_stubs.obj
 0001:0000fbac       __vcrt_thread_detach       0000000180010bac f   MSVCRT:ucrt_stubs.obj
 0001:0000fbb0       __acrt_uninitialize        0000000180010bb0 f   MSVCRT:ucrt_stubs.obj
 0001:0000fbb0       __scrt_stub_for_acrt_uninitialize 0000000180010bb0 f   MSVCRT:ucrt_stubs.obj
 0001:0000fbb0       __vcrt_uninitialize        0000000180010bb0 f   MSVCRT:ucrt_stubs.obj
 0001:0000fbb4       __acrt_uninitialize_critical 0000000180010bb4 f   MSVCRT:ucrt_stubs.obj
 0001:0000fbb4       __scrt_stub_for_acrt_uninitialize_critical 0000000180010bb4 f   MSVCRT:ucrt_stubs.obj
 0001:0000fbb4       __vcrt_uninitialize_critical 0000000180010bb4 f   MSVCRT:ucrt_stubs.obj
 0001:0000fbb8       __scrt_stub_for_is_c_termination_complete 0000000180010bb8 f   MSVCRT:ucrt_stubs.obj
 0001:0000fbb8       _is_c_termination_complete 0000000180010bb8 f   MSVCRT:ucrt_stubs.obj
 0001:0000fbd0       _guard_dispatch_icall_nop  0000000180010bd0 f   MSVCRT:guard_dispatch.obj
 0001:0000fbf0       _guard_xfg_dispatch_icall_nop 0000000180010bf0 f   MSVCRT:guard_xfg_dispatch.obj
 0002:00000000       __imp_GetStartupInfoW      0000000180011000     kernel32:KERNEL32.dll
 0002:00000008       __imp_IsDebuggerPresent    0000000180011008     kernel32:KERNEL32.dll
 0002:00000010       __imp_InitializeSListHead  0000000180011010     kernel32:KERNEL32.dll
 0002:00000018       __imp_DisableThreadLibraryCalls 0000000180011018     kernel32:KERNEL32.dll
 0002:00000020       __imp_GetSystemTimeAsFileTime 0000000180011020     kernel32:KERNEL32.dll
 0002:00000028       __imp_GetCurrentThreadId   0000000180011028     kernel32:KERNEL32.dll
 0002:00000030       __imp_GetCurrentProcessId  0000000180011030     kernel32:KERNEL32.dll
 0002:00000038       __imp_QueryPerformanceCounter 0000000180011038     kernel32:KERNEL32.dll
 0002:00000040       __imp_IsProcessorFeaturePresent 0000000180011040     kernel32:KERNEL32.dll
 0002:00000048       __imp_TerminateProcess     0000000180011048     kernel32:KERNEL32.dll
 0002:00000050       __imp_GetCurrentProcess    0000000180011050     kernel32:KERNEL32.dll
 0002:00000058       __imp_SetUnhandledExceptionFilter 0000000180011058     kernel32:KERNEL32.dll
 0002:00000060       __imp_UnhandledExceptionFilter 0000000180011060     kernel32:KERNEL32.dll
 0002:00000068       __imp_RtlVirtualUnwind     0000000180011068     kernel32:KERNEL32.dll
 0002:00000070       __imp_RtlLookupFunctionEntry 0000000180011070     kernel32:KERNEL32.dll
 0002:00000078       __imp_RtlCaptureContext    0000000180011078     kernel32:KERNEL32.dll
 0002:00000080       __imp_GetModuleHandleW     0000000180011080     kernel32:KERNEL32.dll
 0002:00000088       \177KERNEL32_NULL_THUNK_DATA 0000000180011088     kernel32:KERNEL32.dll
 0002:00000090       __imp_memcpy               0000000180011090     vcruntime:VCRUNTIME140.dll
 0002:00000098       __imp___C_specific_handler 0000000180011098     vcruntime:VCRUNTIME140.dll
 0002:000000a0       __imp___std_type_info_destroy_list 00000001800110a0     vcruntime:VCRUNTIME140.dll
 0002:000000a8       __imp___current_exception  00000001800110a8     vcruntime:VCRUNTIME140.dll
 0002:000000b0       __imp___current_exception_context 00000001800110b0     vcruntime:VCRUNTIME140.dll
 0002:000000b8       __imp_memset               00000001800110b8     vcruntime:VCRUNTIME140.dll
 0002:000000c0       \177VCRUNTIME140_NULL_THUNK_DATA 00000001800110c0     vcruntime:VCRUNTIME140.dll
 0002:000000c8       __imp_malloc               00000001800110c8     ucrt:api-ms-win-crt-heap-l1-1-0.dll
 0002:000000d0       __imp_calloc               00000001800110d0     ucrt:api-ms-win-crt-heap-l1-1-0.dll
 0002:000000d8       __imp_free                 00000001800110d8     ucrt:api-ms-win-crt-heap-l1-1-0.dll
 0002:000000e0       \177api-ms-win-crt-heap-l1-1-0_NULL_THUNK_DATA 00000001800110e0     ucrt:api-ms-win-crt-heap-l1-1-0.dll
 0002:000000e8       __imp__configure_narrow_argv 00000001800110e8     ucrt:api-ms-win-crt-runtime-l1-1-0.dll
 0002:000000f0       __imp__initialize_narrow_environment 00000001800110f0     ucrt:api-ms-win-crt-runtime-l1-1-0.dll
 0002:000000f8       __imp__initialize_onexit_table 00000001800110f8     ucrt:api-ms-win-crt-runtime-l1-1-0.dll
 0002:00000100       __imp__initterm_e          0000000180011100     ucrt:api-ms-win-crt-runtime-l1-1-0.dll
 0002:00000108       __imp__initterm            0000000180011108     ucrt:api-ms-win-crt-runtime-l1-1-0.dll
 0002:00000110       __imp__execute_onexit_table 0000000180011110     ucrt:api-ms-win-crt-runtime-l1-1-0.dll
 0002:00000118       __imp__crt_atexit          0000000180011118     ucrt:api-ms-win-crt-runtime-l1-1-0.dll
 0002:00000120       __imp__crt_at_quick_exit   0000000180011120     ucrt:api-ms-win-crt-runtime-l1-1-0.dll
 0002:00000128       __imp__cexit               0000000180011128     ucrt:api-ms-win-crt-runtime-l1-1-0.dll
 0002:00000130       __imp__seh_filter_dll      0000000180011130     ucrt:api-ms-win-crt-runtime-l1-1-0.dll
 0002:00000138       __imp_terminate            0000000180011138     ucrt:api-ms-win-crt-runtime-l1-1-0.dll
 0002:00000140       __imp__register_onexit_function 0000000180011140     ucrt:api-ms-win-crt-runtime-l1-1-0.dll
 0002:00000148       \177api-ms-win-crt-runtime-l1-1-0_NULL_THUNK_DATA 0000000180011148     ucrt:api-ms-win-crt-runtime-l1-1-0.dll
 0002:00000150       __imp___stdio_common_vsprintf 0000000180011150     ucrt:api-ms-win-crt-stdio-l1-1-0.dll
 0002:00000158       \177api-ms-win-crt-stdio-l1-1-0_NULL_THUNK_DATA 0000000180011158     ucrt:api-ms-win-crt-stdio-l1-1-0.dll
 0002:00000160       __imp_strcmp               0000000180011160     ucrt:api-ms-win-crt-string-l1-1-0.dll
 0002:00000168       __imp_strlen               0000000180011168     ucrt:api-ms-win-crt-string-l1-1-0.dll
 0002:00000170       \177api-ms-win-crt-string-l1-1-0_NULL_THUNK_DATA 0000000180011170     ucrt:api-ms-win-crt-string-l1-1-0.dll
 0002:00000178       __imp__time64              0000000180011178     ucrt:api-ms-win-crt-time-l1-1-0.dll
 0002:00000180       __imp__localtime64         0000000180011180     ucrt:api-ms-win-crt-time-l1-1-0.dll
 0002:00000188       \177api-ms-win-crt-time-l1-1-0_NULL_THUNK_DATA 0000000180011188     ucrt:api-ms-win-crt-time-l1-1-0.dll
 0002:00000190       __imp_emlrtCreateCharArray 0000000180011190     libemlrt:libemlrt.dll
 0002:00000198       __imp_emlrtInitCharArrayR2013a 0000000180011198     libemlrt:libemlrt.dll
 0002:000001a0       __imp_emlrtAssign          00000001800111a0     libemlrt:libemlrt.dll
 0002:000001a8       __imp_emlrtLicenseCheckR2022a 00000001800111a8     libemlrt:libemlrt.dll
 0002:000001b0       __imp_emlrtCallMATLABR2012b 00000001800111b0     libemlrt:libemlrt.dll
 0002:000001b8       \177libemlrt_NULL_THUNK_DATA 00000001800111b8     libemlrt:libemlrt.dll
 0002:000001c0       __imp_mexUnlock_800        00000001800111c0     libmex:libmex.dll
 0002:000001c8       __imp_mexWarnMsgTxt_800    00000001800111c8     libmex:libmex.dll
 0002:000001d0       __imp_mexIsLocked_800      00000001800111d0     libmex:libmex.dll
 0002:000001d8       __imp_mexCallMATLAB_800    00000001800111d8     libmex:libmex.dll
 0002:000001e0       __imp_mexPrintf_800        00000001800111e0     libmex:libmex.dll
 0002:000001e8       \177libmex_NULL_THUNK_DATA 00000001800111e8     libmex:libmex.dll
 0002:000001f0       __imp_cgxertSetGcb         00000001800111f0     libmwcgxert:libmwcgxert.dll
 0002:000001f8       __imp_cgxertGetEMLRTCtx    00000001800111f8     libmwcgxert:libmwcgxert.dll
 0002:00000200       __imp_cgxertSetRuntimeInstance 0000000180011200     libmwcgxert:libmwcgxert.dll
 0002:00000208       __imp_cgxertGetRuntimeInstance 0000000180011208     libmwcgxert:libmwcgxert.dll
 0002:00000210       __imp_cgxertSetSimStateCompliance 0000000180011210     libmwcgxert:libmwcgxert.dll
 0002:00000218       __imp_cgxertGetOutputPortSignal 0000000180011218     libmwcgxert:libmwcgxert.dll
 0002:00000220       __imp_cgxertGetInputPortSignal 0000000180011220     libmwcgxert:libmwcgxert.dll
 0002:00000228       __imp_cgxertRestoreGcb     0000000180011228     libmwcgxert:libmwcgxert.dll
 0002:00000230       __imp_cgxertGetRunTimeParamInfoData 0000000180011230     libmwcgxert:libmwcgxert.dll
 0002:00000238       \177libmwcgxert_NULL_THUNK_DATA 0000000180011238     libmwcgxert:libmwcgxert.dll
 0002:00000240       __imp_muDoubleScalarCeil   0000000180011240     libmwmathutil:libmwmathutil.dll
 0002:00000248       __imp_muDoubleScalarIsInf  0000000180011248     libmwmathutil:libmwmathutil.dll
 0002:00000250       __imp_muDoubleScalarIsNaN  0000000180011250     libmwmathutil:libmwmathutil.dll
 0002:00000258       __imp_muDoubleScalarRem    0000000180011258     libmwmathutil:libmwmathutil.dll
 0002:00000260       __imp_muDoubleScalarSqrt   0000000180011260     libmwmathutil:libmwmathutil.dll
 0002:00000268       __imp_muDoubleScalarPower  0000000180011268     libmwmathutil:libmwmathutil.dll
 0002:00000270       __imp_muDoubleScalarLog    0000000180011270     libmwmathutil:libmwmathutil.dll
 0002:00000278       __imp_muDoubleScalarExp    0000000180011278     libmwmathutil:libmwmathutil.dll
 0002:00000280       __imp_muDoubleScalarRound  0000000180011280     libmwmathutil:libmwmathutil.dll
 0002:00000288       __imp_muDoubleScalarFloor  0000000180011288     libmwmathutil:libmwmathutil.dll
 0002:00000290       __imp_muDoubleScalarAbs    0000000180011290     libmwmathutil:libmwmathutil.dll
 0002:00000298       \177libmwmathutil_NULL_THUNK_DATA 0000000180011298     libmwmathutil:libmwmathutil.dll
 0002:000002a0       __imp_mxSetCell_800        00000001800112a0     libmx:libmx.dll
 0002:000002a8       __imp_mxGetString_800      00000001800112a8     libmx:libmx.dll
 0002:000002b0       __imp_mxCreateDoubleScalar_800 00000001800112b0     libmx:libmx.dll
 0002:000002b8       __imp_mxCreateNumericMatrix_800 00000001800112b8     libmx:libmx.dll
 0002:000002c0       __imp_mxSetField_800       00000001800112c0     libmx:libmx.dll
 0002:000002c8       __imp_mxGetN_800           00000001800112c8     libmx:libmx.dll
 0002:000002d0       __imp_mxIsComplex_800      00000001800112d0     libmx:libmx.dll
 0002:000002d8       __imp_mxIsChar_800         00000001800112d8     libmx:libmx.dll
 0002:000002e0       __imp_mxIsNumeric_800      00000001800112e0     libmx:libmx.dll
 0002:000002e8       __imp_mxGetData_800        00000001800112e8     libmx:libmx.dll
 0002:000002f0       __imp_mxGetClassID_800     00000001800112f0     libmx:libmx.dll
 0002:000002f8       __imp_mxGetM_800           00000001800112f8     libmx:libmx.dll
 0002:00000300       __imp_mxCalloc_800         0000000180011300     libmx:libmx.dll
 0002:00000308       __imp_mxGetNaN_800         0000000180011308     libmx:libmx.dll
 0002:00000310       __imp_mxCreateStructMatrix_800 0000000180011310     libmx:libmx.dll
 0002:00000318       __imp_mxCreateCellMatrix_800 0000000180011318     libmx:libmx.dll
 0002:00000320       __imp_mxCreateString_800   0000000180011320     libmx:libmx.dll
 0002:00000328       __imp_mxCreateDoubleMatrix_800 0000000180011328     libmx:libmx.dll
 0002:00000330       __imp_mxSetFieldByNumber_800 0000000180011330     libmx:libmx.dll
 0002:00000338       __imp_mxGetPr_800          0000000180011338     libmx:libmx.dll
 0002:00000340       \177libmx_NULL_THUNK_DATA  0000000180011340     libmx:libmx.dll
 0002:00000348       __guard_check_icall_fptr   0000000180011348     MSVCRT:guard_support.obj
 0002:00000350       __guard_xfg_check_icall_fptr 0000000180011350     MSVCRT:guard_support.obj
 0002:00000358       __guard_dispatch_icall_fptr 0000000180011358     MSVCRT:guard_support.obj
 0002:00000360       __guard_xfg_dispatch_icall_fptr 0000000180011360     MSVCRT:guard_support.obj
 0002:00000368       __guard_xfg_table_dispatch_icall_fptr 0000000180011368     MSVCRT:guard_support.obj
 0002:00000370       __castguard_check_failure_os_handled_fptr 0000000180011370     MSVCRT:guard_support.obj
 0002:00000378       __guard_memcpy_fptr        0000000180011378     vcruntime:softmemtag.obj
 0002:00000380       __xc_a                     0000000180011380     MSVCRT:initializers.obj
 0002:00000388       __xc_z                     0000000180011388     MSVCRT:initializers.obj
 0002:00000390       __xi_a                     0000000180011390     MSVCRT:initializers.obj
 0002:00000398       __xi_z                     0000000180011398     MSVCRT:initializers.obj
 0002:000003a0       __xp_a                     00000001800113a0     MSVCRT:initializers.obj
 0002:000003a8       __xp_z                     00000001800113a8     MSVCRT:initializers.obj
 0002:000003b0       __xt_a                     00000001800113b0     MSVCRT:initializers.obj
 0002:000003b8       __xt_z                     00000001800113b8     MSVCRT:initializers.obj
 0002:000004f0       __real@0000000000000000    00000001800114f0     m_IMv9yOrM7PumNuduIww3wH.obj
 0002:000004f8       __real@3ca0000000000000    00000001800114f8     m_IMv9yOrM7PumNuduIww3wH.obj
 0002:00000500       __real@3cb0000000000000    0000000180011500     m_IMv9yOrM7PumNuduIww3wH.obj
 0002:00000508       __real@3defffffffffffff    0000000180011508     m_IMv9yOrM7PumNuduIww3wH.obj
 0002:00000510       __real@3e00000000000000    0000000180011510     m_IMv9yOrM7PumNuduIww3wH.obj
 0002:00000518       __real@3e00000000200000    0000000180011518     m_IMv9yOrM7PumNuduIww3wH.obj
 0002:00000520       __real@3f940d92e5a05850    0000000180011520     m_IMv9yOrM7PumNuduIww3wH.obj
 0002:00000528       __real@3fd183aa6c20e8bc    0000000180011528     m_IMv9yOrM7PumNuduIww3wH.obj
 0002:00000530       __real@3fdf39bd90efa6ec    0000000180011530     m_IMv9yOrM7PumNuduIww3wH.obj
 0002:00000538       __real@3fe0000000000000    0000000180011538     m_IMv9yOrM7PumNuduIww3wH.obj
 0002:00000540       __real@3fef01751555d29a    0000000180011540     m_IMv9yOrM7PumNuduIww3wH.obj
 0002:00000548       __real@3ff0000000000000    0000000180011548     m_IMv9yOrM7PumNuduIww3wH.obj
 0002:00000550       __real@3ff4d1b4fe79ee03    0000000180011550     m_IMv9yOrM7PumNuduIww3wH.obj
 0002:00000558       __real@4000000000000000    0000000180011558     m_IMv9yOrM7PumNuduIww3wH.obj
 0002:00000560       __real@40063748a159817c    0000000180011560     m_IMv9yOrM7PumNuduIww3wH.obj
 0002:00000568       __real@400d3bb48209ad36    0000000180011568     m_IMv9yOrM7PumNuduIww3wH.obj
 0002:00000570       __real@4010000000000000    0000000180011570     m_IMv9yOrM7PumNuduIww3wH.obj
 0002:00000578       __real@4024000000000000    0000000180011578     m_IMv9yOrM7PumNuduIww3wH.obj
 0002:00000580       __real@4028c070b8cfbfc6    0000000180011580     m_IMv9yOrM7PumNuduIww3wH.obj
 0002:00000588       __real@40295aa79bbadc0a    0000000180011588     m_IMv9yOrM7PumNuduIww3wH.obj
 0002:00000590       __real@404e000000000000    0000000180011590     m_IMv9yOrM7PumNuduIww3wH.obj
 0002:00000598       __real@4059000000000000    0000000180011598     m_IMv9yOrM7PumNuduIww3wH.obj
 0002:000005a0       __real@4076d00000000000    00000001800115a0     m_IMv9yOrM7PumNuduIww3wH.obj
 0002:000005a8       __real@4079000000000000    00000001800115a8     m_IMv9yOrM7PumNuduIww3wH.obj
 0002:000005b0       __real@40ac200000000000    00000001800115b0     m_IMv9yOrM7PumNuduIww3wH.obj
 0002:000005b8       __real@40f5180000000000    00000001800115b8     m_IMv9yOrM7PumNuduIww3wH.obj
 0002:000005c0       __real@41607ac000000000    00000001800115c0     m_IMv9yOrM7PumNuduIww3wH.obj
 0002:000005c8       __real@4170000000000000    00000001800115c8     m_IMv9yOrM7PumNuduIww3wH.obj
 0002:000005d0       __real@4190000000000000    00000001800115d0     m_IMv9yOrM7PumNuduIww3wH.obj
 0002:000005d8       __real@41dfffffffc00000    00000001800115d8     m_IMv9yOrM7PumNuduIww3wH.obj
 0002:000005e0       __real@41f0000000000000    00000001800115e0     m_IMv9yOrM7PumNuduIww3wH.obj
 0002:000005e8       __real@bfe0000000000000    00000001800115e8     m_IMv9yOrM7PumNuduIww3wH.obj
 0002:000005f0       __real@c000000000000000    00000001800115f0     m_IMv9yOrM7PumNuduIww3wH.obj
 0002:00000600       __xmm@80000000000000008000000000000000 0000000180011600     m_IMv9yOrM7PumNuduIww3wH.obj
 0002:00000610       DYNAMIC_DIMENSION_DEF      0000000180011610     CT_POI_cgxe_registry.obj
 0002:00000628       __real@41602cbca0000000    0000000180011628     CT_POI_cgxe_registry.obj
 0002:00000630       __real@41d1cf579f800000    0000000180011630     CT_POI_cgxe_registry.obj
 0002:00000638       __real@41d203e5a3c00000    0000000180011638     CT_POI_cgxe_registry.obj
 0002:00000640       __real@41d4b82053800000    0000000180011640     CT_POI_cgxe_registry.obj
 0002:00000648       __real@41da3af2f4400000    0000000180011648     CT_POI_cgxe_registry.obj
 0002:00000650       __real@41dc67f553c00000    0000000180011650     CT_POI_cgxe_registry.obj
 0002:00000658       __real@41e077f8caa00000    0000000180011658     CT_POI_cgxe_registry.obj
 0002:00000660       __real@41e11d70efa00000    0000000180011660     CT_POI_cgxe_registry.obj
 0002:00000668       __real@41e13401bfc00000    0000000180011668     CT_POI_cgxe_registry.obj
 0002:00000670       __real@41e1b8377ec00000    0000000180011670     CT_POI_cgxe_registry.obj
 0002:00000678       __real@41e2069ed9a00000    0000000180011678     CT_POI_cgxe_registry.obj
 0002:00000680       __real@41e5b0b712600000    0000000180011680     CT_POI_cgxe_registry.obj
 0002:00000688       __real@41e5ebd199600000    0000000180011688     CT_POI_cgxe_registry.obj
 0002:00000690       __real@41e88c1389200000    0000000180011690     CT_POI_cgxe_registry.obj
 0002:00000698       __real@41e895af3da00000    0000000180011698     CT_POI_cgxe_registry.obj
 0002:000006a0       __real@41ee525b3be00000    00000001800116a0     CT_POI_cgxe_registry.obj
 0002:000006a8       __real@41ee5c09bc200000    00000001800116a8     CT_POI_cgxe_registry.obj
 0002:000006b0       __real@bff0000000000000    00000001800116b0     CT_POI_cgxe_registry.obj
 0002:000006c8       _pDefaultRawDllMain        00000001800116c8     MSVCRT:dll_dllmain.obj
 0002:000006c8       _pRawDllMain               00000001800116c8     MSVCRT:dll_dllmain.obj
 0002:000006d0       __xmm@ffffffffffffffffffffffffffffffff 00000001800116d0     MSVCRT:utility.obj
 0002:000006e0       _load_config_used          00000001800116e0     MSVCRT:loadcfg.obj
 0002:00000880       __CastGuardVftablesStart   0000000180011880     MSVCRT:guard_support.obj
 0002:00000900       __CastGuardVftablesEnd     0000000180011900     MSVCRT:guard_support.obj
 0002:00000980       __volatile_metadata        0000000180011980     <linker-defined>
 0002:00000d58       __rtc_iaa                  0000000180011d58     MSVCRT:initsect.obj
 0002:00000d60       __rtc_izz                  0000000180011d60     MSVCRT:initsect.obj
 0002:00000d68       __rtc_taa                  0000000180011d68     MSVCRT:initsect.obj
 0002:00000d70       __rtc_tzz                  0000000180011d70     MSVCRT:initsect.obj
 0002:00001658       __IMPORT_DESCRIPTOR_libmx  0000000180012658     libmx:libmx.dll
 0002:0000166c       __IMPORT_DESCRIPTOR_libmex 000000018001266c     libmex:libmex.dll
 0002:00001680       __IMPORT_DESCRIPTOR_libmwmathutil 0000000180012680     libmwmathutil:libmwmathutil.dll
 0002:00001694       __IMPORT_DESCRIPTOR_libemlrt 0000000180012694     libemlrt:libemlrt.dll
 0002:000016a8       __IMPORT_DESCRIPTOR_libmwcgxert 00000001800126a8     libmwcgxert:libmwcgxert.dll
 0002:000016bc       __IMPORT_DESCRIPTOR_KERNEL32 00000001800126bc     kernel32:KERNEL32.dll
 0002:000016d0       __IMPORT_DESCRIPTOR_VCRUNTIME140 00000001800126d0     vcruntime:VCRUNTIME140.dll
 0002:000016e4       __IMPORT_DESCRIPTOR_api-ms-win-crt-heap-l1-1-0 00000001800126e4     ucrt:api-ms-win-crt-heap-l1-1-0.dll
 0002:000016f8       __IMPORT_DESCRIPTOR_api-ms-win-crt-time-l1-1-0 00000001800126f8     ucrt:api-ms-win-crt-time-l1-1-0.dll
 0002:0000170c       __IMPORT_DESCRIPTOR_api-ms-win-crt-string-l1-1-0 000000018001270c     ucrt:api-ms-win-crt-string-l1-1-0.dll
 0002:00001720       __IMPORT_DESCRIPTOR_api-ms-win-crt-stdio-l1-1-0 0000000180012720     ucrt:api-ms-win-crt-stdio-l1-1-0.dll
 0002:00001734       __IMPORT_DESCRIPTOR_api-ms-win-crt-runtime-l1-1-0 0000000180012734     ucrt:api-ms-win-crt-runtime-l1-1-0.dll
 0002:00001748       __NULL_IMPORT_DESCRIPTOR   0000000180012748     libmx:libmx.dll
 0003:000041a0       DYNAMIC_DIMENSION          00000001800181a0     CT_POI_cgxe_registry.obj
 0003:000063c0       __security_cookie_complement 000000018001a3c0     MSVCRT:gs_cookie.obj
 0003:000063c8       __security_cookie          000000018001a3c8     MSVCRT:gs_cookie.obj
 0003:000063d0       _fltused                   000000018001a3d0     MSVCRT:fltused.obj
 0003:000063d4       __scrt_native_dllmain_reason 000000018001a3d4     MSVCRT:utility.obj
 0003:000063d8       __isa_available            000000018001a3d8     MSVCRT:cpu_disp.obj
 0003:000063dc       __isa_enabled              000000018001a3dc     MSVCRT:cpu_disp.obj
 0003:000063e0       __memset_fast_string_threshold 000000018001a3e0     MSVCRT:cpu_disp.obj
 0003:000063e8       __memset_nt_threshold      000000018001a3e8     MSVCRT:cpu_disp.obj
 0003:000063f0       __scrt_ucrt_dll_is_in_use  000000018001a3f0     MSVCRT:ucrt_stubs.obj
 0003:000069a0       ?__type_info_root_node@@3U__type_info_node@@A 000000018001a9a0     MSVCRT:tncleanup.obj
 0003:000069b0       ?_OptionsStorage@?1??__local_stdio_printf_options@@9@4_KA 000000018001a9b0     MSVCRT:default_local_stdio_options.obj
 0003:000069b8       ?_OptionsStorage@?1??__local_stdio_scanf_options@@9@4_KA 000000018001a9b8     MSVCRT:default_local_stdio_options.obj
 0003:000069c0       __scrt_current_native_startup_state 000000018001a9c0     MSVCRT:utility.obj
 0003:000069c8       __scrt_native_startup_lock 000000018001a9c8     MSVCRT:utility.obj
 0003:00006a08       __scrt_debugger_hook_flag  000000018001aa08     MSVCRT:utility_desktop.obj
 0003:00006a0c       __favor                    000000018001aa0c     MSVCRT:cpu_disp.obj
 0003:00006a10       ?_OptionsStorage@?1??__local_stdio_printf_options@@9@9 000000018001aa10     <common>
 0003:00006a18       __dyn_tls_init_callback    000000018001aa18     <common>

 entry point at        0001:0000ee34

 Static symbols

 0000:00000000       .debug$S                   0000000180000000     CT_POI_cgxe.exp
 0000:00000000       _volmd                     0000000180000000     CT_POI_cgxe_registry.obj
 0000:00000000       _volmd                     0000000180000000     m_IMv9yOrM7PumNuduIww3wH.obj
 0000:00000000       .debug$S                   0000000180000000     ucrt:api-ms-win-crt-heap-l1-1-0.dll
 0000:00000000       .debug$S                   0000000180000000     ucrt:api-ms-win-crt-heap-l1-1-0.dll
 0000:00000000       .debug$S                   0000000180000000     ucrt:api-ms-win-crt-heap-l1-1-0.dll
 0000:00000000       .debug$S                   0000000180000000     ucrt:api-ms-win-crt-runtime-l1-1-0.dll
 0000:00000000       .debug$S                   0000000180000000     ucrt:api-ms-win-crt-runtime-l1-1-0.dll
 0000:00000000       .debug$S                   0000000180000000     ucrt:api-ms-win-crt-runtime-l1-1-0.dll
 0000:00000000       .debug$S                   0000000180000000     ucrt:api-ms-win-crt-runtime-l1-1-0.dll
 0000:00000000       .debug$S                   0000000180000000     ucrt:api-ms-win-crt-runtime-l1-1-0.dll
 0000:00000000       .debug$S                   0000000180000000     ucrt:api-ms-win-crt-runtime-l1-1-0.dll
 0000:00000000       .debug$S                   0000000180000000     ucrt:api-ms-win-crt-runtime-l1-1-0.dll
 0000:00000000       .debug$S                   0000000180000000     ucrt:api-ms-win-crt-runtime-l1-1-0.dll
 0000:00000000       .debug$S                   0000000180000000     ucrt:api-ms-win-crt-runtime-l1-1-0.dll
 0000:00000000       .debug$S                   0000000180000000     ucrt:api-ms-win-crt-runtime-l1-1-0.dll
 0000:00000000       .debug$S                   0000000180000000     ucrt:api-ms-win-crt-runtime-l1-1-0.dll
 0000:00000000       .debug$S                   0000000180000000     ucrt:api-ms-win-crt-runtime-l1-1-0.dll
 0000:00000000       .debug$S                   0000000180000000     ucrt:api-ms-win-crt-stdio-l1-1-0.dll
 0000:00000000       .debug$S                   0000000180000000     ucrt:api-ms-win-crt-string-l1-1-0.dll
 0000:00000000       .debug$S                   0000000180000000     ucrt:api-ms-win-crt-string-l1-1-0.dll
 0000:00000000       .debug$S                   0000000180000000     ucrt:api-ms-win-crt-time-l1-1-0.dll
 0000:00000000       .debug$S                   0000000180000000     ucrt:api-ms-win-crt-time-l1-1-0.dll
 0000:00000000       .debug$S                   0000000180000000     kernel32:KERNEL32.dll
 0000:00000000       .debug$S                   0000000180000000     kernel32:KERNEL32.dll
 0000:00000000       .debug$S                   0000000180000000     kernel32:KERNEL32.dll
 0000:00000000       .debug$S                   0000000180000000     kernel32:KERNEL32.dll
 0000:00000000       .debug$S                   0000000180000000     kernel32:KERNEL32.dll
 0000:00000000       .debug$S                   0000000180000000     kernel32:KERNEL32.dll
 0000:00000000       .debug$S                   0000000180000000     kernel32:KERNEL32.dll
 0000:00000000       .debug$S                   0000000180000000     kernel32:KERNEL32.dll
 0000:00000000       .debug$S                   0000000180000000     kernel32:KERNEL32.dll
 0000:00000000       .debug$S                   0000000180000000     kernel32:KERNEL32.dll
 0000:00000000       .debug$S                   0000000180000000     kernel32:KERNEL32.dll
 0000:00000000       .debug$S                   0000000180000000     kernel32:KERNEL32.dll
 0000:00000000       .debug$S                   0000000180000000     kernel32:KERNEL32.dll
 0000:00000000       .debug$S                   0000000180000000     kernel32:KERNEL32.dll
 0000:00000000       .debug$S                   0000000180000000     kernel32:KERNEL32.dll
 0000:00000000       .debug$S                   0000000180000000     kernel32:KERNEL32.dll
 0000:00000000       .debug$S                   0000000180000000     kernel32:KERNEL32.dll
 0000:00000000       _volmd                     0000000180000000     MSVCRT:cpu_disp.obj
 0002:fffef000       __guard_ehcont_?dllmain_dispatch@@YAHQEAUHINSTANCE__@@KQEAX@Z 0000000180000000     MSVCRT:dll_dllmain.obj
 0002:fffef000       __guard_fids_?dllmain_dispatch@@YAHQEAUHINSTANCE__@@KQEAX@Z 0000000180000000     MSVCRT:dll_dllmain.obj
 0000:00000000       _volmd                     0000000180000000     MSVCRT:gs_report.obj
 0000:00000000       _volmd                     0000000180000000     MSVCRT:gs_report.obj
 0000:00000000       _volmd                     0000000180000000     MSVCRT:gs_report.obj
 0002:fffef000       __guard_fids__             0000000180000000     MSVCRT:guard_support.obj
 0002:fffef000       __guard_fids__             0000000180000000     MSVCRT:guard_support.obj
 0002:fffef000       __guard_fids__guard_icall_checks_enforced 0000000180000000     MSVCRT:guard_support.obj
 0000:00000000       _volmd                     0000000180000000     MSVCRT:guard_support.obj
 0000:00000000       _volmd                     0000000180000000     MSVCRT:guard_support.obj
 0000:00000000       _volmd                     0000000180000000     MSVCRT:guard_support.obj
 0000:00000000       _volmd                     0000000180000000     MSVCRT:guard_support.obj
 0000:00000000       _volmd                     0000000180000000     MSVCRT:guard_support.obj
 0000:00000000       _volmd                     0000000180000000     MSVCRT:guard_support.obj
 0002:fffef000       __guard_ehcont___scrt_is_nonwritable_in_current_image 0000000180000000     MSVCRT:utility.obj
 0000:00000000       _volmd                     0000000180000000     MSVCRT:utility.obj
 0000:00000000       _volmd                     0000000180000000     MSVCRT:utility.obj
 0000:00000000       _volmd                     0000000180000000     MSVCRT:utility.obj
 0002:fffef000       __guard_fids___scrt_set_unhandled_exception_filter 0000000180000000     MSVCRT:utility_desktop.obj
 0000:00000000       _volmd                     0000000180000000     MSVCRT:utility_desktop.obj
 0002:fffef000       __guard_fids__             0000000180000000     vcruntime:softmemtag.obj
 0000:00000000       .debug$S                   0000000180000000     vcruntime:VCRUNTIME140.dll
 0000:00000000       .debug$S                   0000000180000000     vcruntime:VCRUNTIME140.dll
 0000:00000000       .debug$S                   0000000180000000     vcruntime:VCRUNTIME140.dll
 0000:00000000       .debug$S                   0000000180000000     vcruntime:VCRUNTIME140.dll
 0000:00000000       .debug$S                   0000000180000000     vcruntime:VCRUNTIME140.dll
 0000:00000000       .debug$S                   0000000180000000     vcruntime:VCRUNTIME140.dll
 0000:00000000       .debug$S                   0000000180000000     libemlrt:libemlrt.dll
 0000:00000000       .debug$S                   0000000180000000     libemlrt:libemlrt.dll
 0000:00000000       .debug$S                   0000000180000000     libemlrt:libemlrt.dll
 0000:00000000       .debug$S                   0000000180000000     libemlrt:libemlrt.dll
 0000:00000000       .debug$S                   0000000180000000     libemlrt:libemlrt.dll
 0000:00000000       .debug$S                   0000000180000000     libmex:libmex.dll
 0000:00000000       .debug$S                   0000000180000000     libmex:libmex.dll
 0000:00000000       .debug$S                   0000000180000000     libmex:libmex.dll
 0000:00000000       .debug$S                   0000000180000000     libmex:libmex.dll
 0000:00000000       .debug$S                   0000000180000000     libmex:libmex.dll
 0000:00000000       .debug$S                   0000000180000000     libmwcgxert:libmwcgxert.dll
 0000:00000000       .debug$S                   0000000180000000     libmwcgxert:libmwcgxert.dll
 0000:00000000       .debug$S                   0000000180000000     libmwcgxert:libmwcgxert.dll
 0000:00000000       .debug$S                   0000000180000000     libmwcgxert:libmwcgxert.dll
 0000:00000000       .debug$S                   0000000180000000     libmwcgxert:libmwcgxert.dll
 0000:00000000       .debug$S                   0000000180000000     libmwcgxert:libmwcgxert.dll
 0000:00000000       .debug$S                   0000000180000000     libmwcgxert:libmwcgxert.dll
 0000:00000000       .debug$S                   0000000180000000     libmwcgxert:libmwcgxert.dll
 0000:00000000       .debug$S                   0000000180000000     libmwcgxert:libmwcgxert.dll
 0000:00000000       .debug$S                   0000000180000000     libmwmathutil:libmwmathutil.dll
 0000:00000000       .debug$S                   0000000180000000     libmwmathutil:libmwmathutil.dll
 0000:00000000       .debug$S                   0000000180000000     libmwmathutil:libmwmathutil.dll
 0000:00000000       .debug$S                   0000000180000000     libmwmathutil:libmwmathutil.dll
 0000:00000000       .debug$S                   0000000180000000     libmwmathutil:libmwmathutil.dll
 0000:00000000       .debug$S                   0000000180000000     libmwmathutil:libmwmathutil.dll
 0000:00000000       .debug$S                   0000000180000000     libmwmathutil:libmwmathutil.dll
 0000:00000000       .debug$S                   0000000180000000     libmwmathutil:libmwmathutil.dll
 0000:00000000       .debug$S                   0000000180000000     libmwmathutil:libmwmathutil.dll
 0000:00000000       .debug$S                   0000000180000000     libmwmathutil:libmwmathutil.dll
 0000:00000000       .debug$S                   0000000180000000     libmwmathutil:libmwmathutil.dll
 0000:00000000       .debug$S                   0000000180000000     libmx:libmx.dll
 0000:00000000       .debug$S                   0000000180000000     libmx:libmx.dll
 0000:00000000       .debug$S                   0000000180000000     libmx:libmx.dll
 0000:00000000       .debug$S                   0000000180000000     libmx:libmx.dll
 0000:00000000       .debug$S                   0000000180000000     libmx:libmx.dll
 0000:00000000       .debug$S                   0000000180000000     libmx:libmx.dll
 0000:00000000       .debug$S                   0000000180000000     libmx:libmx.dll
 0000:00000000       .debug$S                   0000000180000000     libmx:libmx.dll
 0000:00000000       .debug$S                   0000000180000000     libmx:libmx.dll
 0000:00000000       .debug$S                   0000000180000000     libmx:libmx.dll
 0000:00000000       .debug$S                   0000000180000000     libmx:libmx.dll
 0000:00000000       .debug$S                   0000000180000000     libmx:libmx.dll
 0000:00000000       .debug$S                   0000000180000000     libmx:libmx.dll
 0000:00000000       .debug$S                   0000000180000000     libmx:libmx.dll
 0000:00000000       .debug$S                   0000000180000000     libmx:libmx.dll
 0000:00000000       .debug$S                   0000000180000000     libmx:libmx.dll
 0000:00000000       .debug$S                   0000000180000000     libmx:libmx.dll
 0000:00000000       .debug$S                   0000000180000000     libmx:libmx.dll
 0000:00000000       .debug$S                   0000000180000000     libmx:libmx.dll
 0000:00000000       .debug$S                   0000000180000000     libmx:libmx.dll
 0000:00000010       _volmd                     0000000180000010     CT_POI_cgxe_registry.obj
 0000:00000010       _volmd                     0000000180000010     m_IMv9yOrM7PumNuduIww3wH.obj
 0000:00000020       _volmd                     0000000180000020     CT_POI_cgxe_registry.obj
 0000:00000020       _volmd                     0000000180000020     m_IMv9yOrM7PumNuduIww3wH.obj
 0000:00000030       _volmd                     0000000180000030     CT_POI_cgxe_registry.obj
 0000:00000030       _volmd                     0000000180000030     m_IMv9yOrM7PumNuduIww3wH.obj
 0000:00000040       _volmd                     0000000180000040     CT_POI_cgxe_registry.obj
 0000:00000040       _volmd                     0000000180000040     m_IMv9yOrM7PumNuduIww3wH.obj
 0000:00000050       _volmd                     0000000180000050     CT_POI_cgxe_registry.obj
 0000:00000050       _volmd                     0000000180000050     m_IMv9yOrM7PumNuduIww3wH.obj
 0000:00000060       _volmd                     0000000180000060     CT_POI_cgxe_registry.obj
 0000:00000060       _volmd                     0000000180000060     m_IMv9yOrM7PumNuduIww3wH.obj
 0000:00000070       _volmd                     0000000180000070     CT_POI_cgxe_registry.obj
 0000:00000070       _volmd                     0000000180000070     m_IMv9yOrM7PumNuduIww3wH.obj
 0000:00000080       _volmd                     0000000180000080     CT_POI_cgxe_registry.obj
 0000:00000080       _volmd                     0000000180000080     m_IMv9yOrM7PumNuduIww3wH.obj
 0000:00000090       _volmd                     0000000180000090     CT_POI_cgxe_registry.obj
 0000:000000a0       _volmd                     00000001800000a0     CT_POI_cgxe_registry.obj
 0000:000000b0       _volmd                     00000001800000b0     CT_POI_cgxe_registry.obj
 0000:000000c0       _volmd                     00000001800000c0     CT_POI_cgxe_registry.obj
 0000:000000d0       _volmd                     00000001800000d0     CT_POI_cgxe_registry.obj
 0000:000000e0       _volmd                     00000001800000e0     CT_POI_cgxe_registry.obj
 0001:000000d0       localtime                  00000001800010d0 f   m_IMv9yOrM7PumNuduIww3wH.obj
 0001:000000f0       time                       00000001800010f0 f   m_IMv9yOrM7PumNuduIww3wH.obj
 0001:00000160       cgxe_mdl_start             0000000180001160 f   m_IMv9yOrM7PumNuduIww3wH.obj
 0001:00000250       cgxe_mdl_initialize        0000000180001250 f   m_IMv9yOrM7PumNuduIww3wH.obj
 0001:00000330       cgxe_mdl_outputs           0000000180001330 f   m_IMv9yOrM7PumNuduIww3wH.obj
 0001:00000420       cgxe_mdl_update            0000000180001420 f   m_IMv9yOrM7PumNuduIww3wH.obj
 0001:00000430       cgxe_mdl_enable            0000000180001430 f   m_IMv9yOrM7PumNuduIww3wH.obj
 0001:00000440       cgxe_mdl_disable           0000000180001440 f   m_IMv9yOrM7PumNuduIww3wH.obj
 0001:00000450       cgxe_mdl_terminate         0000000180001450 f   m_IMv9yOrM7PumNuduIww3wH.obj
 0001:000004a0       mw__internal__system__init__fcn 00000001800014a0 f   m_IMv9yOrM7PumNuduIww3wH.obj
 0001:000005d0       mw__internal__call__setup  00000001800015d0 f   m_IMv9yOrM7PumNuduIww3wH.obj
 0001:00000800       AWGNChannelBase_set_SNR    0000000180001800 f   m_IMv9yOrM7PumNuduIww3wH.obj
 0001:00000b30       AWGNChannelBase_set_SignalPower 0000000180001b30 f   m_IMv9yOrM7PumNuduIww3wH.obj
 0001:00001380       SystemCore_setup           0000000180002380 f   m_IMv9yOrM7PumNuduIww3wH.obj
 0001:00001fd0       now                        0000000180002fd0 f   m_IMv9yOrM7PumNuduIww3wH.obj
 0001:00002410       b_mod                      0000000180003410 f   m_IMv9yOrM7PumNuduIww3wH.obj
 0001:000024d0       mt19937ar_reset            00000001800034d0 f   m_IMv9yOrM7PumNuduIww3wH.obj
 0001:000025a0       AWGNChannelBase_getStandardDeviation 00000001800035a0 f   m_IMv9yOrM7PumNuduIww3wH.obj
 0001:000028e0       SystemCore_checkTunablePropChange 00000001800038e0 f   m_IMv9yOrM7PumNuduIww3wH.obj
 0001:00002ae0       mw__internal__call__reset  0000000180003ae0 f   m_IMv9yOrM7PumNuduIww3wH.obj
 0001:000031d0       mw__internal__call__step   00000001800041d0 f   m_IMv9yOrM7PumNuduIww3wH.obj
 0001:00003ea0       randn                      0000000180004ea0 f   m_IMv9yOrM7PumNuduIww3wH.obj
 0001:00004230       genrandu                   0000000180005230 f   m_IMv9yOrM7PumNuduIww3wH.obj
 0001:000042e0       message                    00000001800052e0 f   m_IMv9yOrM7PumNuduIww3wH.obj
 0001:00004380       getString                  0000000180005380 f   m_IMv9yOrM7PumNuduIww3wH.obj
 0001:000043f0       error                      00000001800053f0 f   m_IMv9yOrM7PumNuduIww3wH.obj
 0001:00004480       b_message                  0000000180005480 f   m_IMv9yOrM7PumNuduIww3wH.obj
 0001:000044f0       eml_rand_shr3cong          00000001800054f0 f   m_IMv9yOrM7PumNuduIww3wH.obj
 0001:00004a40       eml_rand_mt19937ar         0000000180005a40 f   m_IMv9yOrM7PumNuduIww3wH.obj
 0001:00004d10       genrand_uint32_vector      0000000180005d10 f   m_IMv9yOrM7PumNuduIww3wH.obj
 0001:00004fc0       b_genrandu                 0000000180005fc0 f   m_IMv9yOrM7PumNuduIww3wH.obj
 0001:00005300       init_simulink_io_address   0000000180006300 f   m_IMv9yOrM7PumNuduIww3wH.obj
 0001:00005370       mdlOutputs_IMv9yOrM7PumNuduIww3wH 0000000180006370 f   m_IMv9yOrM7PumNuduIww3wH.obj
 0001:000053b0       mdlInitialize_IMv9yOrM7PumNuduIww3wH 00000001800063b0 f   m_IMv9yOrM7PumNuduIww3wH.obj
 0001:000053e0       mdlUpdate_IMv9yOrM7PumNuduIww3wH 00000001800063e0 f   m_IMv9yOrM7PumNuduIww3wH.obj
 0001:00005420       mdlTerminate_IMv9yOrM7PumNuduIww3wH 0000000180006420 f   m_IMv9yOrM7PumNuduIww3wH.obj
 0001:00005460       mdlEnable_IMv9yOrM7PumNuduIww3wH 0000000180006460 f   m_IMv9yOrM7PumNuduIww3wH.obj
 0001:00005490       mdlDisable_IMv9yOrM7PumNuduIww3wH 0000000180006490 f   m_IMv9yOrM7PumNuduIww3wH.obj
 0001:000054c0       mdlStart_IMv9yOrM7PumNuduIww3wH 00000001800064c0 f   m_IMv9yOrM7PumNuduIww3wH.obj
 0001:000055c0       mdlProcessParameters_IMv9yOrM7PumNuduIww3wH 00000001800065c0 f   m_IMv9yOrM7PumNuduIww3wH.obj
 0001:0000769c       $LN147                     000000018000869c     CT_POI_cgxe_registry.obj
 0001:00008504       $LN22                      0000000180009504     CT_POI_cgxe_registry.obj
 0001:00008c04       $LN26                      0000000180009c04     CT_POI_cgxe_registry.obj
 0001:000092e4       $LN24                      000000018000a2e4     CT_POI_cgxe_registry.obj
 0001:0000a01c       $LN30                      000000018000b01c     CT_POI_cgxe_registry.obj
 0001:0000ca00       mdlStart                   000000018000da00 f   CT_POI_cgxe_registry.obj
 0001:0000ca40       mdlInitializeConditions    000000018000da40 f   CT_POI_cgxe_registry.obj
 0001:0000ca60       mdlUpdate                  000000018000da60 f   CT_POI_cgxe_registry.obj
 0001:0000ca90       mdlOutputs                 000000018000da90 f   CT_POI_cgxe_registry.obj
 0001:0000cac0       mdlTerminate               000000018000dac0 f   CT_POI_cgxe_registry.obj
 0001:0000cae0       mdlInitializeSizes         000000018000dae0 f   CT_POI_cgxe_registry.obj
 0001:0000caf0       mdlInitializeSampleTimes   000000018000daf0 f   CT_POI_cgxe_registry.obj
 0001:0000cb00       cgxe_get_supported_modules 000000018000db00 f   CT_POI_cgxe_registry.obj
 0001:0000cbd0       cgxe_process_get_checksums 000000018000dbd0 f   CT_POI_cgxe_registry.obj
 0001:0000cf60       cgxe_mex_unlock_call       000000018000df60 f   CT_POI_cgxe_registry.obj
 0001:0000cfa0       cgxe_unpack_simstruct      000000018000dfa0 f   CT_POI_cgxe_registry.obj
 0001:0000d040       cgxe_get_sim_state         000000018000e040 f   CT_POI_cgxe_registry.obj
 0001:0000d0b0       cgxe_set_sim_state         000000018000e0b0 f   CT_POI_cgxe_registry.obj
 0001:0000d130       cgxe_get_BuildInfoUpdate   000000018000e130 f   CT_POI_cgxe_registry.obj
 0001:0000d200       cgxe_get_fallback_info     000000018000e200 f   CT_POI_cgxe_registry.obj
 0001:0000d2d0       ProcessMexSfunctionCmdLineCall 000000018000e2d0 f   CT_POI_cgxe_registry.obj
 0001:0000d500       mdlZeroCrossings           000000018000e500 f   CT_POI_cgxe_registry.obj
 0001:0000d550       mdlGetTimeOfNextVarHit     000000018000e550 f   CT_POI_cgxe_registry.obj
 0001:0000d5a0       _RegNumInputPortsCB        000000018000e5a0 f   CT_POI_cgxe_registry.obj
 0001:0000d620       _RegNumOutputPortsCB       000000018000e620 f   CT_POI_cgxe_registry.obj
 0001:0000d6a0       _CreateSimStruct           000000018000e6a0 f   CT_POI_cgxe_registry.obj
 0001:0000d8d0       _ProcessMexSfunctionCmdLineCall 000000018000e8d0 f   CT_POI_cgxe_registry.obj
 0001:0000e260       ReportIndexOutOfBoundsError 000000018000f260 f   CT_POI_cgxe_registry.obj
 0001:0000e954       capture_current_context    000000018000f954 f   MSVCRT:gs_report.obj
 0001:0000e9c4       capture_previous_context   000000018000f9c4 f   MSVCRT:gs_report.obj
 0001:0000eac0       $$000000                   000000018000fac0     MSVCRT:amdsecgs.obj
 0001:0000eaf0       ?dllmain_crt_dispatch@@YAHQEAUHINSTANCE__@@KQEAX@Z 000000018000faf0 f   MSVCRT:dll_dllmain.obj
 0001:0000eb40       ?dllmain_crt_process_attach@@YAHQEAUHINSTANCE__@@QEAX@Z 000000018000fb40 f   MSVCRT:dll_dllmain.obj
 0001:0000ec58       ?dllmain_crt_process_detach@@YAH_N@Z 000000018000fc58 f   MSVCRT:dll_dllmain.obj
 0001:0000ecdc       ?dllmain_dispatch@@YAHQEAUHINSTANCE__@@KQEAX@Z 000000018000fcdc f   MSVCRT:dll_dllmain.obj
 0001:0000ee10       ?dllmain_raw@@YAHQEAUHINSTANCE__@@KQEAX@Z 000000018000fe10 f   MSVCRT:dll_dllmain.obj
 0001:0000ee74       __get_entropy              000000018000fe74 f   MSVCRT:gs_support.obj
 0001:0000f004       ?find_pe_section@@YAPEAU_IMAGE_SECTION_HEADER@@QEAE_K@Z 0000000180010004 f   MSVCRT:utility.obj
 0001:0000f058       ?is_potentially_valid_image_base@@YA_NQEAX@Z 0000000180010058 f   MSVCRT:utility.obj
 0001:0000f7a0       __castguard_check_failure_os_handled_wrapper 00000001800107a0 f   MSVCRT:guard_support.obj
 0001:0000f7c0       __castguard_compat_check   00000001800107c0 f   MSVCRT:guard_support.obj
 0001:0000f8a8       __castguard_slow_path_compat_check 00000001800108a8 f   MSVCRT:guard_support.obj
 0001:0000fbc0       $$000000                   0000000180010bc0     MSVCRT:guard_dispatch.obj
 0001:0000fbe0       $$000000                   0000000180010be0     MSVCRT:guard_xfg_dispatch.obj
 0001:0000fbf6       ?fin$0@?0??dllmain_crt_process_attach@@YAHQEAUHINSTANCE__@@QEAX@Z@4HA 0000000180010bf6 f   MSVCRT:dll_dllmain.obj
 0001:0000fc0d       ?fin$0@?0??dllmain_crt_process_detach@@YAH_N@Z@4HA 0000000180010c0d f   MSVCRT:dll_dllmain.obj
 0001:0000fc26       ?fin$1@?0??dllmain_crt_process_detach@@YAH_N@Z@4HA 0000000180010c26 f   MSVCRT:dll_dllmain.obj
 0001:0000fc3a       ?filt$0@?0??dllmain_dispatch@@YAHQEAUHINSTANCE__@@KQEAX@Z@4HA 0000000180010c3a f   MSVCRT:dll_dllmain.obj
 0001:0000fc70       __scrt_is_nonwritable_in_current_image$filt$0 0000000180010c70 f   MSVCRT:utility.obj
 0002:000003c0       ?iv@?1??AWGNChannelBase_set_SNR@@9@9 00000001800113c0     m_IMv9yOrM7PumNuduIww3wH.obj
 0002:000003c8       ?iv1@?1??AWGNChannelBase_set_SNR@@9@9 00000001800113c8     m_IMv9yOrM7PumNuduIww3wH.obj
 0002:000003d0       ?iv2@?1??AWGNChannelBase_set_SNR@@9@9 00000001800113d0     m_IMv9yOrM7PumNuduIww3wH.obj
 0002:000003d8       ?iv@?1??AWGNChannelBase_set_SignalPower@@9@9 00000001800113d8     m_IMv9yOrM7PumNuduIww3wH.obj
 0002:000003e0       ?iv1@?1??AWGNChannelBase_set_SignalPower@@9@9 00000001800113e0     m_IMv9yOrM7PumNuduIww3wH.obj
 0002:000003e8       ?iv2@?1??AWGNChannelBase_set_SignalPower@@9@9 00000001800113e8     m_IMv9yOrM7PumNuduIww3wH.obj
 0002:000003f0       ?iv3@?1??AWGNChannelBase_set_SignalPower@@9@9 00000001800113f0     m_IMv9yOrM7PumNuduIww3wH.obj
 0002:000003f8       ?iv4@?1??AWGNChannelBase_set_SignalPower@@9@9 00000001800113f8     m_IMv9yOrM7PumNuduIww3wH.obj
 0002:00000400       ?iv5@?1??AWGNChannelBase_set_SignalPower@@9@9 0000000180011400     m_IMv9yOrM7PumNuduIww3wH.obj
 0002:00000408       ?iv6@?1??AWGNChannelBase_set_SignalPower@@9@9 0000000180011408     m_IMv9yOrM7PumNuduIww3wH.obj
 0002:00000410       ?iv7@?1??AWGNChannelBase_set_SignalPower@@9@9 0000000180011410     m_IMv9yOrM7PumNuduIww3wH.obj
 0002:00000418       ?iv8@?1??AWGNChannelBase_set_SignalPower@@9@9 0000000180011418     m_IMv9yOrM7PumNuduIww3wH.obj
 0002:00000420       ?iv@?1??SystemCore_setup@@9@9 0000000180011420     m_IMv9yOrM7PumNuduIww3wH.obj
 0002:00000428       ?iv1@?1??SystemCore_setup@@9@9 0000000180011428     m_IMv9yOrM7PumNuduIww3wH.obj
 0002:00000430       ?iv2@?1??SystemCore_setup@@9@9 0000000180011430     m_IMv9yOrM7PumNuduIww3wH.obj
 0002:00000438       ?iv3@?1??SystemCore_setup@@9@9 0000000180011438     m_IMv9yOrM7PumNuduIww3wH.obj
 0002:00000440       ?iv4@?1??SystemCore_setup@@9@9 0000000180011440     m_IMv9yOrM7PumNuduIww3wH.obj
 0002:00000448       ?iv5@?1??SystemCore_setup@@9@9 0000000180011448     m_IMv9yOrM7PumNuduIww3wH.obj
 0002:00000450       ?iv6@?1??SystemCore_setup@@9@9 0000000180011450     m_IMv9yOrM7PumNuduIww3wH.obj
 0002:00000458       ?iv@?1??AWGNChannelBase_getStandardDeviation@@9@9 0000000180011458     m_IMv9yOrM7PumNuduIww3wH.obj
 0002:00000460       ?iv1@?1??AWGNChannelBase_getStandardDeviation@@9@9 0000000180011460     m_IMv9yOrM7PumNuduIww3wH.obj
 0002:00000468       ?iv2@?1??AWGNChannelBase_getStandardDeviation@@9@9 0000000180011468     m_IMv9yOrM7PumNuduIww3wH.obj
 0002:00000470       ?iv@?1??SystemCore_checkTunablePropChange@@9@9 0000000180011470     m_IMv9yOrM7PumNuduIww3wH.obj
 0002:00000478       ?iv1@?1??SystemCore_checkTunablePropChange@@9@9 0000000180011478     m_IMv9yOrM7PumNuduIww3wH.obj
 0002:00000480       ?iv@?1??mw__internal__call__reset@@9@9 0000000180011480     m_IMv9yOrM7PumNuduIww3wH.obj
 0002:00000488       ?iv1@?1??mw__internal__call__reset@@9@9 0000000180011488     m_IMv9yOrM7PumNuduIww3wH.obj
 0002:00000490       ?iv2@?1??mw__internal__call__reset@@9@9 0000000180011490     m_IMv9yOrM7PumNuduIww3wH.obj
 0002:00000498       ?iv3@?1??mw__internal__call__reset@@9@9 0000000180011498     m_IMv9yOrM7PumNuduIww3wH.obj
 0002:000004a0       ?iv4@?1??mw__internal__call__reset@@9@9 00000001800114a0     m_IMv9yOrM7PumNuduIww3wH.obj
 0002:000004a8       ?iv@?1??mw__internal__call__step@@9@9 00000001800114a8     m_IMv9yOrM7PumNuduIww3wH.obj
 0002:000004b0       ?iv1@?1??mw__internal__call__step@@9@9 00000001800114b0     m_IMv9yOrM7PumNuduIww3wH.obj
 0002:000004b8       ?iv2@?1??mw__internal__call__step@@9@9 00000001800114b8     m_IMv9yOrM7PumNuduIww3wH.obj
 0002:000004c0       ?iv3@?1??mw__internal__call__step@@9@9 00000001800114c0     m_IMv9yOrM7PumNuduIww3wH.obj
 0002:000004c8       ?iv4@?1??mw__internal__call__step@@9@9 00000001800114c8     m_IMv9yOrM7PumNuduIww3wH.obj
 0002:000004d0       ?iv5@?1??mw__internal__call__step@@9@9 00000001800114d0     m_IMv9yOrM7PumNuduIww3wH.obj
 0002:000004d8       ?iv6@?1??mw__internal__call__step@@9@9 00000001800114d8     m_IMv9yOrM7PumNuduIww3wH.obj
 0002:000004e0       ?iv@?1??b_genrandu@@9@9    00000001800114e0     m_IMv9yOrM7PumNuduIww3wH.obj
 0002:000004e8       ?iv1@?1??b_genrandu@@9@9   00000001800114e8     m_IMv9yOrM7PumNuduIww3wH.obj
 0002:000006b8       GS_ExceptionPointers       00000001800116b8     MSVCRT:gs_report.obj
 0002:00000d78       $unwind$cgxe_CT_POI_method_dispatcher 0000000180011d78     CT_POI_cgxe.obj
 0002:00000d80       $unwind$localtime          0000000180011d80     m_IMv9yOrM7PumNuduIww3wH.obj
 0002:00000d88       $unwind$time               0000000180011d88     m_IMv9yOrM7PumNuduIww3wH.obj
 0002:00000d90       $unwind$method_dispatcher_IMv9yOrM7PumNuduIww3wH 0000000180011d90     m_IMv9yOrM7PumNuduIww3wH.obj
 0002:00000d98       $unwind$cgxe_mdl_start     0000000180011d98     m_IMv9yOrM7PumNuduIww3wH.obj
 0002:00000da0       $unwind$cgxe_mdl_initialize 0000000180011da0     m_IMv9yOrM7PumNuduIww3wH.obj
 0002:00000da8       $unwind$cgxe_mdl_outputs   0000000180011da8     m_IMv9yOrM7PumNuduIww3wH.obj
 0002:00000db0       $unwind$cgxe_mdl_terminate 0000000180011db0     m_IMv9yOrM7PumNuduIww3wH.obj
 0002:00000db8       $unwind$mw__internal__system__init__fcn 0000000180011db8     m_IMv9yOrM7PumNuduIww3wH.obj
[...]
 0003:00002e24       ?f_u@?1??mw__internal__call__reset@@9@9 0000000180016e24     m_IMv9yOrM7PumNuduIww3wH.obj
 0003:00002e30       ?g_u@?1??mw__internal__call__step@@9@9 0000000180016e30     m_IMv9yOrM7PumNuduIww3wH.obj
 0003:00002e68       ?f_u@?1??mw__internal__call__step@@9@9 0000000180016e68     m_IMv9yOrM7PumNuduIww3wH.obj
 0003:00002ea0       ?b_u@?1??mw__internal__call__step@@9@9 0000000180016ea0     m_IMv9yOrM7PumNuduIww3wH.obj
 0003:00002ed0       $SG23713                   0000000180016ed0     m_IMv9yOrM7PumNuduIww3wH.obj
 0003:00002ed8       $SG23724                   0000000180016ed8     m_IMv9yOrM7PumNuduIww3wH.obj
 0003:00002ee8       $SG23748                   0000000180016ee8     m_IMv9yOrM7PumNuduIww3wH.obj
 0003:00002ef0       ?dv@?1??eml_rand_shr3cong@@9@9 0000000180016ef0     m_IMv9yOrM7PumNuduIww3wH.obj
 0003:000030f8       ?c_u@?1??b_genrandu@@9@9   00000001800170f8     m_IMv9yOrM7PumNuduIww3wH.obj
 0003:00003120       ?dv@?1??eml_rand_mt19937ar@@9@9 0000000180017120     m_IMv9yOrM7PumNuduIww3wH.obj
 0003:00003928       $SG24007                   0000000180017928     m_IMv9yOrM7PumNuduIww3wH.obj
 0003:00003940       ?dv1@?1??eml_rand_mt19937ar@@9@9 0000000180017940     m_IMv9yOrM7PumNuduIww3wH.obj
 0003:00004148       $SG23993                   0000000180018148     m_IMv9yOrM7PumNuduIww3wH.obj
 0003:00004158       $SG23994                   0000000180018158     m_IMv9yOrM7PumNuduIww3wH.obj
 0003:00004168       $SG24005                   0000000180018168     m_IMv9yOrM7PumNuduIww3wH.obj
 0003:00004178       $SG24008                   0000000180018178     m_IMv9yOrM7PumNuduIww3wH.obj
 0003:00004190       $SG24009                   0000000180018190     m_IMv9yOrM7PumNuduIww3wH.obj
 0003:000041a8       $SG21019                   00000001800181a8     CT_POI_cgxe_registry.obj
 0003:000041d8       $SG21024                   00000001800181d8     CT_POI_cgxe_registry.obj
 0003:00004218       $SG21031                   0000000180018218     CT_POI_cgxe_registry.obj
 0003:0000424c       $SG21088                   000000018001824c     CT_POI_cgxe_registry.obj
 0003:00004254       $SG21092                   0000000180018254     CT_POI_cgxe_registry.obj
 0003:0000425c       $SG22957                   000000018001825c     CT_POI_cgxe_registry.obj
 0003:00004260       $SG21038                   0000000180018260     CT_POI_cgxe_registry.obj
 0003:00004294       $SG21098                   0000000180018294     CT_POI_cgxe_registry.obj
 0003:0000429c       $SG23038                   000000018001829c     CT_POI_cgxe_registry.obj
 0003:000042a0       $SG21043                   00000001800182a0     CT_POI_cgxe_registry.obj
 0003:000042d8       $SG21086                   00000001800182d8     CT_POI_cgxe_registry.obj
 0003:000042e0       $SG21090                   00000001800182e0     CT_POI_cgxe_registry.obj
 0003:000042f0       $SG21094                   00000001800182f0     CT_POI_cgxe_registry.obj
 0003:000042f8       $SG21095                   00000001800182f8     CT_POI_cgxe_registry.obj
 0003:00004300       $SG21096                   0000000180018300     CT_POI_cgxe_registry.obj
 0003:00004308       $SG21097                   0000000180018308     CT_POI_cgxe_registry.obj
 0003:00004318       $SG21099                   0000000180018318     CT_POI_cgxe_registry.obj
 0003:00004320       $SG21144                   0000000180018320     CT_POI_cgxe_registry.obj
 0003:00004350       $SG21159                   0000000180018350     CT_POI_cgxe_registry.obj
 0003:00004380       $SG21177                   0000000180018380     CT_POI_cgxe_registry.obj
 0003:00004398       $SG21195                   0000000180018398     CT_POI_cgxe_registry.obj
 0003:000043b0       $SG21213                   00000001800183b0     CT_POI_cgxe_registry.obj
 0003:000043c0       $SG21215                   00000001800183c0     CT_POI_cgxe_registry.obj
 0003:000043d0       $SG21217                   00000001800183d0     CT_POI_cgxe_registry.obj
 0003:000043e0       $SG21219                   00000001800183e0     CT_POI_cgxe_registry.obj
 0003:000043f0       $SG21221                   00000001800183f0     CT_POI_cgxe_registry.obj
 0003:00004408       $SG21223                   0000000180018408     CT_POI_cgxe_registry.obj
 0003:00004420       $SG21237                   0000000180018420     CT_POI_cgxe_registry.obj
 0003:00004448       _sfcnName                  0000000180018448     CT_POI_cgxe_registry.obj
 0003:00004470       $SG21254                   0000000180018470     CT_POI_cgxe_registry.obj
 0003:000044e8       $SG21663                   00000001800184e8     CT_POI_cgxe_registry.obj
 0003:000044f4       $SG21870                   00000001800184f4     CT_POI_cgxe_registry.obj
 0003:00004500       $SG21259                   0000000180018500     CT_POI_cgxe_registry.obj
 0003:00004578       $SG21664                   0000000180018578     CT_POI_cgxe_registry.obj
 0003:00004588       $SG21678                   0000000180018588     CT_POI_cgxe_registry.obj
 0003:00004598       $SG21868                   0000000180018598     CT_POI_cgxe_registry.obj
 0003:000045d8       $SG21869                   00000001800185d8     CT_POI_cgxe_registry.obj
 0003:000045e8       $SG21876                   00000001800185e8     CT_POI_cgxe_registry.obj
 0003:000045f0       $SG21874                   00000001800185f0     CT_POI_cgxe_registry.obj
 0003:00004638       $SG21875                   0000000180018638     CT_POI_cgxe_registry.obj
 0003:00004648       $SG21879                   0000000180018648     CT_POI_cgxe_registry.obj
 0003:00004650       $SG21877                   0000000180018650     CT_POI_cgxe_registry.obj
 0003:000046a8       $SG21878                   00000001800186a8     CT_POI_cgxe_registry.obj
 0003:000046b8       $SG21901                   00000001800186b8     CT_POI_cgxe_registry.obj
 0003:000046f8       $SG21902                   00000001800186f8     CT_POI_cgxe_registry.obj
 0003:00004708       $SG21903                   0000000180018708     CT_POI_cgxe_registry.obj
 0003:00004710       $SG21907                   0000000180018710     CT_POI_cgxe_registry.obj
 0003:00004758       $SG21908                   0000000180018758     CT_POI_cgxe_registry.obj
 0003:00004768       $SG21909                   0000000180018768     CT_POI_cgxe_registry.obj
 0003:00004770       $SG21910                   0000000180018770     CT_POI_cgxe_registry.obj
 0003:000047c8       $SG21911                   00000001800187c8     CT_POI_cgxe_registry.obj
 0003:000047d8       $SG21912                   00000001800187d8     CT_POI_cgxe_registry.obj
 0003:000047e0       $SG21936                   00000001800187e0     CT_POI_cgxe_registry.obj
 0003:00004830       $SG21937                   0000000180018830     CT_POI_cgxe_registry.obj
 0003:00004840       $SG21938                   0000000180018840     CT_POI_cgxe_registry.obj
 0003:00004848       $SG21951                   0000000180018848     CT_POI_cgxe_registry.obj
 0003:00004850       $SG21950                   0000000180018850     CT_POI_cgxe_registry.obj
 0003:000048b0       $SG21952                   00000001800188b0     CT_POI_cgxe_registry.obj
 0003:000048b8       $SG21965                   00000001800188b8     CT_POI_cgxe_registry.obj
 0003:000048c0       $SG21964                   00000001800188c0     CT_POI_cgxe_registry.obj
 0003:00004920       $SG21966                   0000000180018920     CT_POI_cgxe_registry.obj
 0003:00004928       $SG22941                   0000000180018928     CT_POI_cgxe_registry.obj
 0003:00004940       $SG22319                   0000000180018940     CT_POI_cgxe_registry.obj
 0003:000049b8       $SG23012                   00000001800189b8     CT_POI_cgxe_registry.obj
 0003:000049c0       $SG22322                   00000001800189c0     CT_POI_cgxe_registry.obj
 0003:00004a34       $SG23013                   0000000180018a34     CT_POI_cgxe_registry.obj
 0003:00004a40       $SG22327                   0000000180018a40     CT_POI_cgxe_registry.obj
 0003:00004ab8       $SG23014                   0000000180018ab8     CT_POI_cgxe_registry.obj
 0003:00004ac0       $SG22335                   0000000180018ac0     CT_POI_cgxe_registry.obj
 0003:00004b30       $SG22610                   0000000180018b30     CT_POI_cgxe_registry.obj
 0003:00004ba8       $SG23020                   0000000180018ba8     CT_POI_cgxe_registry.obj
 0003:00004bb0       $SG22615                   0000000180018bb0     CT_POI_cgxe_registry.obj
 0003:00004c28       $SG23023                   0000000180018c28     CT_POI_cgxe_registry.obj
 0003:00004c30       $SG22954                   0000000180018c30     CT_POI_cgxe_registry.obj
 0003:00004ca8       $SG23026                   0000000180018ca8     CT_POI_cgxe_registry.obj
 0003:00004cb0       $SG23015                   0000000180018cb0     CT_POI_cgxe_registry.obj
 0003:00004d28       $SG23032                   0000000180018d28     CT_POI_cgxe_registry.obj
 0003:00004d30       $SG23017                   0000000180018d30     CT_POI_cgxe_registry.obj
 0003:00004db0       $SG23027                   0000000180018db0     CT_POI_cgxe_registry.obj
 0003:00004e30       $SG23028                   0000000180018e30     CT_POI_cgxe_registry.obj
 0003:00004e40       $SG23030                   0000000180018e40     CT_POI_cgxe_registry.obj
 0003:00004e4c       $SG23034                   0000000180018e4c     CT_POI_cgxe_registry.obj
 0003:00004e58       $SG23036                   0000000180018e58     CT_POI_cgxe_registry.obj
 0003:00004e68       $SG23159                   0000000180018e68     CT_POI_cgxe_registry.obj
 0003:00004e98       $SG23161                   0000000180018e98     CT_POI_cgxe_registry.obj
 0003:00004ea0       $SG23041                   0000000180018ea0     CT_POI_cgxe_registry.obj
 0003:00004f88       $SG23160                   0000000180018f88     CT_POI_cgxe_registry.obj
 0003:00004f98       $SG23163                   0000000180018f98     CT_POI_cgxe_registry.obj
 0003:00004fd0       $SG23164                   0000000180018fd0     CT_POI_cgxe_registry.obj
 0003:00004fe0       $SG23165                   0000000180018fe0     CT_POI_cgxe_registry.obj
 0003:00004fe8       $SG23168                   0000000180018fe8     CT_POI_cgxe_registry.obj
 0003:00005020       $SG23169                   0000000180019020     CT_POI_cgxe_registry.obj
 0003:00005030       $SG23170                   0000000180019030     CT_POI_cgxe_registry.obj
 0003:00005038       $SG23172                   0000000180019038     CT_POI_cgxe_registry.obj
 0003:00005070       $SG23173                   0000000180019070     CT_POI_cgxe_registry.obj
 0003:00005080       $SG23174                   0000000180019080     CT_POI_cgxe_registry.obj
 0003:00005088       $SG23176                   0000000180019088     CT_POI_cgxe_registry.obj
 0003:000050c0       $SG23177                   00000001800190c0     CT_POI_cgxe_registry.obj
 0003:000050d0       $SG23178                   00000001800190d0     CT_POI_cgxe_registry.obj
 0003:000050d8       $SG23181                   00000001800190d8     CT_POI_cgxe_registry.obj
 0003:000050e8       $SG23183                   00000001800190e8     CT_POI_cgxe_registry.obj
 0003:00005100       $SG23184                   0000000180019100     CT_POI_cgxe_registry.obj
 0003:00005138       $SG23185                   0000000180019138     CT_POI_cgxe_registry.obj
 0003:00005148       $SG23186                   0000000180019148     CT_POI_cgxe_registry.obj
 0003:00005150       $SG23321                   0000000180019150     CT_POI_cgxe_registry.obj
 0003:00005170       $SG23322                   0000000180019170     CT_POI_cgxe_registry.obj
 0003:00005200       $SG23328                   0000000180019200     CT_POI_cgxe_registry.obj
 0003:00005218       $SG23335                   0000000180019218     CT_POI_cgxe_registry.obj
 0003:00005230       $SG23329                   0000000180019230     CT_POI_cgxe_registry.obj
 0003:000052c0       $SG23336                   00000001800192c0     CT_POI_cgxe_registry.obj
 0003:00005350       $SG23342                   0000000180019350     CT_POI_cgxe_registry.obj
 0003:00005370       $SG23343                   0000000180019370     CT_POI_cgxe_registry.obj
 0003:00005400       $SG23349                   0000000180019400     CT_POI_cgxe_registry.obj
 0003:00005420       $SG23350                   0000000180019420     CT_POI_cgxe_registry.obj
 0003:000054b0       $SG23354                   00000001800194b0     CT_POI_cgxe_registry.obj
 0003:000054d0       $SG23355                   00000001800194d0     CT_POI_cgxe_registry.obj
 0003:00005560       $SG23359                   0000000180019560     CT_POI_cgxe_registry.obj
 0003:00005588       $SG23364                   0000000180019588     CT_POI_cgxe_registry.obj
 0003:000055b0       $SG23360                   00000001800195b0     CT_POI_cgxe_registry.obj
 0003:00005640       $SG23365                   0000000180019640     CT_POI_cgxe_registry.obj
 0003:000056d0       $SG23369                   00000001800196d0     CT_POI_cgxe_registry.obj
 0003:000056f0       $SG23370                   00000001800196f0     CT_POI_cgxe_registry.obj
 0003:00005780       $SG23374                   0000000180019780     CT_POI_cgxe_registry.obj
 0003:000057a0       $SG23375                   00000001800197a0     CT_POI_cgxe_registry.obj
 0003:00005830       $SG23379                   0000000180019830     CT_POI_cgxe_registry.obj
 0003:00005848       $SG23415                   0000000180019848     CT_POI_cgxe_registry.obj
 0003:00005860       $SG23380                   0000000180019860     CT_POI_cgxe_registry.obj
 0003:000058f0       $SG23384                   00000001800198f0     CT_POI_cgxe_registry.obj
 0003:00005910       $SG23385                   0000000180019910     CT_POI_cgxe_registry.obj
 0003:000059a0       $SG23389                   00000001800199a0     CT_POI_cgxe_registry.obj
 0003:000059c0       $SG23390                   00000001800199c0     CT_POI_cgxe_registry.obj
 0003:00005a50       $SG23394                   0000000180019a50     CT_POI_cgxe_registry.obj
 0003:00005a70       $SG23395                   0000000180019a70     CT_POI_cgxe_registry.obj
 0003:00005b00       $SG23399                   0000000180019b00     CT_POI_cgxe_registry.obj
 0003:00005b20       $SG23400                   0000000180019b20     CT_POI_cgxe_registry.obj
 0003:00005bb0       $SG23404                   0000000180019bb0     CT_POI_cgxe_registry.obj
 0003:00005bd0       $SG23405                   0000000180019bd0     CT_POI_cgxe_registry.obj
 0003:00005c60       $SG23409                   0000000180019c60     CT_POI_cgxe_registry.obj
 0003:00005c80       $SG23410                   0000000180019c80     CT_POI_cgxe_registry.obj
 0003:00005d10       $SG23416                   0000000180019d10     CT_POI_cgxe_registry.obj
 0003:00005da0       $SG23421                   0000000180019da0     CT_POI_cgxe_registry.obj
 0003:00005db8       $SG23431                   0000000180019db8     CT_POI_cgxe_registry.obj
 0003:00005dd0       $SG23422                   0000000180019dd0     CT_POI_cgxe_registry.obj
 0003:00005e60       $SG23426                   0000000180019e60     CT_POI_cgxe_registry.obj
 0003:00005e70       $SG23427                   0000000180019e70     CT_POI_cgxe_registry.obj
 0003:00005f00       $SG23432                   0000000180019f00     CT_POI_cgxe_registry.obj
 0003:00005f90       $SG23440                   0000000180019f90     CT_POI_cgxe_registry.obj
 0003:00005fa0       $SG23441                   0000000180019fa0     CT_POI_cgxe_registry.obj
 0003:00006030       $SG23445                   000000018001a030     CT_POI_cgxe_registry.obj
 0003:000060b0       $SG23447                   000000018001a0b0     CT_POI_cgxe_registry.obj
 0003:00006128       $SG23494                   000000018001a128     CT_POI_cgxe_registry.obj
 0003:00006138       $SG23575                   000000018001a138     CT_POI_cgxe_registry.obj
 0003:00006140       $SG23451                   000000018001a140     CT_POI_cgxe_registry.obj
 0003:000061b8       $SG23505                   000000018001a1b8     CT_POI_cgxe_registry.obj
 0003:000061c8       $SG23576                   000000018001a1c8     CT_POI_cgxe_registry.obj
 0003:000061d0       $SG23481                   000000018001a1d0     CT_POI_cgxe_registry.obj
 0003:000062e8       $SG23518                   000000018001a2e8     CT_POI_cgxe_registry.obj
 0003:000062f8       $SG23529                   000000018001a2f8     CT_POI_cgxe_registry.obj
 0003:00006308       $SG23542                   000000018001a308     CT_POI_cgxe_registry.obj
 0003:00006318       $SG23553                   000000018001a318     CT_POI_cgxe_registry.obj
 0003:00006328       $SG23563                   000000018001a328     CT_POI_cgxe_registry.obj
 0003:00006348       $SG23574                   000000018001a348     CT_POI_cgxe_registry.obj
 0003:00006378       $SG23587                   000000018001a378     CT_POI_cgxe_registry.obj
 0003:000063b0       $SG23588                   000000018001a3b0     CT_POI_cgxe_registry.obj
 0003:000063b8       $SG23589                   000000018001a3b8     CT_POI_cgxe_registry.obj
 0003:00006400       $SG22585                   000000018001a400     m_IMv9yOrM7PumNuduIww3wH.obj
 0003:00006401       $SG22586                   000000018001a401     m_IMv9yOrM7PumNuduIww3wH.obj
 0003:00006402       $SG22588                   000000018001a402     m_IMv9yOrM7PumNuduIww3wH.obj
 0003:00006403       $SG22589                   000000018001a403     m_IMv9yOrM7PumNuduIww3wH.obj
 0003:00006404       $SG22591                   000000018001a404     m_IMv9yOrM7PumNuduIww3wH.obj
 0003:00006405       $SG22592                   000000018001a405     m_IMv9yOrM7PumNuduIww3wH.obj
 0003:00006406       $SG22594                   000000018001a406     m_IMv9yOrM7PumNuduIww3wH.obj
 0003:00006407       $SG22595                   000000018001a407     m_IMv9yOrM7PumNuduIww3wH.obj
 0003:00006408       $SG22672                   000000018001a408     m_IMv9yOrM7PumNuduIww3wH.obj
 0003:00006409       $SG22673                   000000018001a409     m_IMv9yOrM7PumNuduIww3wH.obj
 0003:0000640a       $SG22675                   000000018001a40a     m_IMv9yOrM7PumNuduIww3wH.obj
 0003:0000640b       $SG22676                   000000018001a40b     m_IMv9yOrM7PumNuduIww3wH.obj
 0003:0000640c       $SG22678                   000000018001a40c     m_IMv9yOrM7PumNuduIww3wH.obj
 0003:0000640d       $SG22679                   000000018001a40d     m_IMv9yOrM7PumNuduIww3wH.obj
 0003:0000640e       $SG22681                   000000018001a40e     m_IMv9yOrM7PumNuduIww3wH.obj
 0003:0000640f       $SG22682                   000000018001a40f     m_IMv9yOrM7PumNuduIww3wH.obj
 0003:00006410       $SG23995                   000000018001a410     m_IMv9yOrM7PumNuduIww3wH.obj
 0003:00006411       $SG23996                   000000018001a411     m_IMv9yOrM7PumNuduIww3wH.obj
 0003:00006414       $SG23008                   000000018001a414     CT_POI_cgxe_registry.obj
 0003:00006416       ?warningGuard@?1??ssGetRootSS@@9@9 000000018001a416     CT_POI_cgxe_registry.obj
 0003:00006417       ?warningGuard@?1??ssGetParentSS@@9@9 000000018001a417     CT_POI_cgxe_registry.obj
 0003:00006420       GS_ExceptionRecord         000000018001a420     MSVCRT:gs_report.obj
 0003:000064c0       GS_ContextRecord           000000018001a4c0     MSVCRT:gs_report.obj
 0003:00006990       ?__proc_attached@@3HA      000000018001a990     MSVCRT:dll_dllmain.obj
 0003:000069d0       ?is_initialized_as_dll@@3_NA 000000018001a9d0     MSVCRT:utility.obj
 0003:000069d1       ?module_local_atexit_table_initialized@@3_NA 000000018001a9d1     MSVCRT:utility.obj
 0003:000069d8       ?module_local_atexit_table@@3U_onexit_table_t@@A 000000018001a9d8     MSVCRT:utility.obj
 0003:000069f0       ?module_local_at_quick_exit_table@@3U_onexit_table_t@@A 000000018001a9f0     MSVCRT:utility.obj
